Archive member included to satisfy reference by file (symbol)

c:/devkitPro/libctru/lib\libsfil.a(sfil_png.o)
                              main.o (sfil_load_PNG_buffer)
c:/devkitPro/portlibs/armv6k/lib\libpng.a(png.o)
                              c:/devkitPro/libctru/lib\libsfil.a(sfil_png.o) (png_set_sig_bytes)
c:/devkitPro/portlibs/armv6k/lib\libpng.a(pngerror.o)
                              c:/devkitPro/portlibs/armv6k/lib\libpng.a(png.o) (png_safecat)
c:/devkitPro/portlibs/armv6k/lib\libpng.a(pngget.o)
                              c:/devkitPro/libctru/lib\libsfil.a(sfil_png.o) (png_get_valid)
c:/devkitPro/portlibs/armv6k/lib\libpng.a(pngmem.o)
                              c:/devkitPro/portlibs/armv6k/lib\libpng.a(png.o) (png_calloc)
c:/devkitPro/portlibs/armv6k/lib\libpng.a(pngread.o)
                              c:/devkitPro/libctru/lib\libsfil.a(sfil_png.o) (png_create_read_struct)
c:/devkitPro/portlibs/armv6k/lib\libpng.a(pngrio.o)
                              c:/devkitPro/libctru/lib\libsfil.a(sfil_png.o) (png_set_read_fn)
c:/devkitPro/portlibs/armv6k/lib\libpng.a(pngrtran.o)
                              c:/devkitPro/portlibs/armv6k/lib\libpng.a(pngread.o) (png_set_background_fixed)
c:/devkitPro/portlibs/armv6k/lib\libpng.a(pngrutil.o)
                              c:/devkitPro/portlibs/armv6k/lib\libpng.a(pngread.o) (png_read_sig)
c:/devkitPro/portlibs/armv6k/lib\libpng.a(pngset.o)
                              c:/devkitPro/portlibs/armv6k/lib\libpng.a(pngrutil.o) (png_set_bKGD)
c:/devkitPro/portlibs/armv6k/lib\libpng.a(pngtrans.o)
                              c:/devkitPro/portlibs/armv6k/lib\libpng.a(pngread.o) (png_set_bgr)
c:/devkitPro/portlibs/armv6k/lib\libpng.a(pngwrite.o)
                              c:/devkitPro/portlibs/armv6k/lib\libpng.a(png.o) (png_destroy_write_struct)
c:/devkitPro/portlibs/armv6k/lib\libpng.a(pngwtran.o)
                              c:/devkitPro/portlibs/armv6k/lib\libpng.a(pngwrite.o) (png_do_write_transformations)
c:/devkitPro/portlibs/armv6k/lib\libpng.a(pngwutil.o)
                              c:/devkitPro/portlibs/armv6k/lib\libpng.a(png.o) (png_save_uint_32)
c:/devkitPro/portlibs/armv6k/lib\libpng.a(pngwio.o)
                              c:/devkitPro/portlibs/armv6k/lib\libpng.a(pngwutil.o) (png_write_data)
c:/devkitPro/portlibs/armv6k/lib\libz.a(adler32.o)
                              c:/devkitPro/portlibs/armv6k/lib\libpng.a(png.o) (adler32)
c:/devkitPro/portlibs/armv6k/lib\libz.a(crc32.o)
                              c:/devkitPro/portlibs/armv6k/lib\libpng.a(png.o) (crc32)
c:/devkitPro/portlibs/armv6k/lib\libz.a(deflate.o)
                              c:/devkitPro/portlibs/armv6k/lib\libpng.a(pngwutil.o) (deflateReset)
c:/devkitPro/portlibs/armv6k/lib\libz.a(inflate.o)
                              c:/devkitPro/portlibs/armv6k/lib\libpng.a(png.o) (inflateReset)
c:/devkitPro/portlibs/armv6k/lib\libz.a(inftrees.o)
                              c:/devkitPro/portlibs/armv6k/lib\libz.a(inflate.o) (inflate_table)
c:/devkitPro/portlibs/armv6k/lib\libz.a(trees.o)
                              c:/devkitPro/portlibs/armv6k/lib\libz.a(deflate.o) (_tr_init)
c:/devkitPro/portlibs/armv6k/lib\libz.a(zutil.o)
                              c:/devkitPro/portlibs/armv6k/lib\libz.a(deflate.o) (zcalloc)
c:/devkitPro/portlibs/armv6k/lib\libz.a(inffast.o)
                              c:/devkitPro/portlibs/armv6k/lib\libz.a(inflate.o) (inflate_fast)
c:/devkitPro/libctru/lib\libsf2d.a(sf2d.o)
                              main.o (sf2d_fini)
c:/devkitPro/libctru/lib\libsf2d.a(sf2d_texture.o)
                              c:/devkitPro/libctru/lib\libsfil.a(sfil_png.o) (sf2d_create_texture)
c:/devkitPro/libctru/lib\libsf2d.a(shader.shbin.o)
                              c:/devkitPro/libctru/lib\libsf2d.a(sf2d.o) (shader_shbin_size)
c:/devkitPro/libctru/lib\libcitro3d.a(uniforms.o)
                              c:/devkitPro/libctru/lib\libsf2d.a(sf2d.o) (C3D_FVUnifDirty)
c:/devkitPro/libctru/lib\libcitro3d.a(attribs.o)
                              c:/devkitPro/libctru/lib\libsf2d.a(sf2d_texture.o) (AttrInfo_Init)
c:/devkitPro/libctru/lib\libcitro3d.a(effect.o)
                              c:/devkitPro/libctru/lib\libsf2d.a(sf2d.o) (C3D_CullFace)
c:/devkitPro/libctru/lib\libcitro3d.a(drawArrays.o)
                              c:/devkitPro/libctru/lib\libsf2d.a(sf2d_texture.o) (C3D_DrawArrays)
c:/devkitPro/libctru/lib\libcitro3d.a(buffers.o)
                              c:/devkitPro/libctru/lib\libsf2d.a(sf2d_texture.o) (BufInfo_Init)
c:/devkitPro/libctru/lib\libcitro3d.a(texenv.o)
                              c:/devkitPro/libctru/lib\libsf2d.a(sf2d_texture.o) (C3D_GetTexEnv)
c:/devkitPro/libctru/lib\libcitro3d.a(texture.o)
                              c:/devkitPro/libctru/lib\libsf2d.a(sf2d_texture.o) (C3D_TexInit)
c:/devkitPro/libctru/lib\libcitro3d.a(renderqueue.o)
                              c:/devkitPro/libctru/lib\libsf2d.a(sf2d.o) (C3D_FrameBegin)
[...]
Memory Configuration

Name             Origin             Length             Attributes
*default*        0x00000000         0xffffffff

Linker script and memory map

                0x00100000                PROVIDE (__start__, 0x100000)
                0x00100000                . = __start__

.text           0x00100000    0x3d408
 *(.crt0)
 .crt0          0x00100000       0x94 c:/devkitpro/devkitarm/bin/../lib/gcc/arm-none-eabi/6.3.0/../../../../arm-none-eabi/lib/armv6k/fpu/3dsx_crt0.o
                0x00100000                _start
                0x00100008                __service_ptr
                0x0010000c                __apt_appid
                0x00100010                __heap_size
                0x00100014                __linear_heap_size
                0x00100018                __system_arglist
                0x0010001c                __system_runflags
 *(.init)
 .init          0x00100094        0xc c:/devkitpro/devkitarm/bin/../lib/gcc/arm-none-eabi/6.3.0/armv6k/fpu/crti.o
                0x00100094                _init
 .init          0x001000a0        0xc c:/devkitpro/devkitarm/bin/../lib/gcc/arm-none-eabi/6.3.0/armv6k/fpu/crtn.o
                0x001000ac                . = ALIGN (0x4)
 *(.text)
 .text          0x001000ac       0x64 c:/devkitPro/libctru/lib\libctru.a(stack_adjust.o)
                0x001000ac                initSystem
                0x001000f0                __ctru_exit
 .text          0x00100110      0x20c c:/devkitpro/devkitarm/bin/../lib/gcc/arm-none-eabi/6.3.0/armv6k/fpu\libgcc.a(_udivsi3.o)
                0x00100110                __aeabi_uidiv
                0x00100110                __udivsi3
                0x001002fc                __aeabi_uidivmod
 .text          0x0010031c      0x240 c:/devkitpro/devkitarm/bin/../lib/gcc/arm-none-eabi/6.3.0/armv6k/fpu\libgcc.a(_divsi3.o)
                0x0010031c                __divsi3
                0x0010031c                __aeabi_idiv
                0x0010053c                __aeabi_idivmod
 .text          0x0010055c        0x4 c:/devkitpro/devkitarm/bin/../lib/gcc/arm-none-eabi/6.3.0/armv6k/fpu\libgcc.a(_dvmd_tls.o)
                0x0010055c                __aeabi_idiv0
                0x0010055c                __aeabi_ldiv0
 .text          0x00100560      0x250 c:/devkitpro/devkitarm/bin/../lib/gcc/arm-none-eabi/6.3.0/armv6k/fpu\libgcc.a(_arm_addsubsf3.o)
                0x00100560                __aeabi_frsub
                0x00100568                __subsf3
                0x00100568                __aeabi_fsub
                0x0010056c                __aeabi_fadd
                0x0010056c                __addsf3
                0x001006fc                __aeabi_ui2f
                0x001006fc                __floatunsisf
                0x00100704                __aeabi_i2f
                0x00100704                __floatsisf
                0x00100724                __aeabi_ul2f
                0x00100724                __floatundisf
                0x00100734                __aeabi_l2f
                0x00100734                __floatdisf
 .text          0x001007b0       0x3c c:/devkitpro/devkitarm/bin/../lib/gcc/arm-none-eabi/6.3.0/armv6k/fpu\libgcc.a(_aeabi_uldivmod.o)
                0x001007b0                __aeabi_uldivmod
 .text          0x001007ec       0x2c c:/devkitpro/devkitarm/bin/../lib/gcc/arm-none-eabi/6.3.0/../../../../arm-none-eabi/lib/armv6k/fpu\libg.a(lib_a-setjmp.o)
                0x001007ec                setjmp
                0x00100800                longjmp
 *fill*         0x00100818        0x8 
 .text          0x00100820      0x390 c:/devkitpro/devkitarm/bin/../lib/gcc/arm-none-eabi/6.3.0/../../../../arm-none-eabi/lib/armv6k/fpu\libg.a(lib_a-strcmp.o)
                0x00100828                strcmp
 *(.text.*)
 .text.deregister_tm_clones
                0x00100bb0       0x30 c:/devkitpro/devkitarm/bin/../lib/gcc/arm-none-eabi/6.3.0/armv6k/fpu/crtbegin.o
 .text.register_tm_clones
                0x00100be0       0x38 c:/devkitpro/devkitarm/bin/../lib/gcc/arm-none-eabi/6.3.0/armv6k/fpu/crtbegin.o
 .text.__do_global_dtors_aux
                0x00100c18       0x44 c:/devkitpro/devkitarm/bin/../lib/gcc/arm-none-eabi/6.3.0/armv6k/fpu/crtbegin.o
 .text.frame_dummy
                0x00100c5c       0x5c c:/devkitpro/devkitarm/bin/../lib/gcc/arm-none-eabi/6.3.0/armv6k/fpu/crtbegin.o
 .text.startup  0x00100cb8      0x144 main.o
                0x00100cb8                main
 .text._sfil_load_PNG_generic
                0x00100dfc      0x2f8 c:/devkitPro/libctru/lib\libsfil.a(sfil_png.o)
 .text._sfil_read_png_buffer_fn
                0x001010f4       0x34 c:/devkitPro/libctru/lib\libsfil.a(sfil_png.o)
 .text.sfil_load_PNG_buffer
                0x00101128       0x4c c:/devkitPro/libctru/lib\libsfil.a(sfil_png.o)
                0x00101128                sfil_load_PNG_buffer
 .text.png_zalloc
                0x00101174       0x50 c:/devkitPro/portlibs/armv6k/lib\libpng.a(png.o)
                0x00101174                png_zalloc
 .text.png_zfree
                0x001011c4        0x4 c:/devkitPro/portlibs/armv6k/lib\libpng.a(png.o)
                0x001011c4                png_zfree
 .text.png_build_16bit_table
                0x001011c8      0x1d0 c:/devkitPro/portlibs/armv6k/lib\libpng.a(png.o)
 .text.png_colorspace_endpoints_match
                0x00101398      0x114 c:/devkitPro/portlibs/armv6k/lib\libpng.a(png.o)
 .text.png_free_data.part.3
                0x001014ac      0x498 c:/devkitPro/portlibs/armv6k/lib\libpng.a(png.o)
 *fill*         0x00101944        0x4 
 .text.png_muldiv.part.9
                0x00101948       0x88 c:/devkitPro/portlibs/armv6k/lib\libpng.a(png.o)
 .text.png_gamma_8bit_correct.part.15
                0x001019d0       0x70 c:/devkitPro/portlibs/armv6k/lib\libpng.a(png.o)
 .text.png_icc_profile_error
                0x00101a40      0x200 c:/devkitPro/portlibs/armv6k/lib\libpng.a(png.o)
 .text.png_set_sig_bytes
                0x00101c40       0x3c c:/devkitPro/portlibs/armv6k/lib\libpng.a(png.o)
                0x00101c40                png_set_sig_bytes
 .text.png_sig_cmp
                0x00101c7c       0x70 c:/devkitPro/portlibs/armv6k/lib\libpng.a(png.o)
                0x00101c7c                png_sig_cmp
 .text.png_reset_crc
                0x00101cec       0x20 c:/devkitPro/portlibs/armv6k/lib\libpng.a(png.o)
                0x00101cec                png_reset_crc
 .text.png_calculate_crc
                0x00101d0c       0x54 c:/devkitPro/portlibs/armv6k/lib\libpng.a(png.o)
                0x00101d0c                png_calculate_crc
 .text.png_user_version_check
                0x00101d60      0x110 c:/devkitPro/portlibs/armv6k/lib\libpng.a(png.o)
                0x00101d60                png_user_version_check
 .text.png_create_png_struct
                0x00101e70      0x114 c:/devkitPro/portlibs/armv6k/lib\libpng.a(png.o)
                0x00101e70                png_create_png_struct
 .text.png_create_info_struct
                0x00101f84       0x40 c:/devkitPro/portlibs/armv6k/lib\libpng.a(png.o)
                0x00101f84                png_create_info_struct
 .text.png_destroy_info_struct
                0x00101fc4      0x3a0 c:/devkitPro/portlibs/armv6k/lib\libpng.a(png.o)
                0x00101fc4                png_destroy_info_struct
 .text.png_free_data
                0x00102364       0x10 c:/devkitPro/portlibs/armv6k/lib\libpng.a(png.o)
                0x00102364                png_free_data
 .text.png_get_io_ptr
                0x00102374        0xc c:/devkitPro/portlibs/armv6k/lib\libpng.a(png.o)
                0x00102374                png_get_io_ptr
 .text.png_chunk_unknown_handling
                0x00102380       0x94 c:/devkitPro/portlibs/armv6k/lib\libpng.a(png.o)
                0x00102380                png_chunk_unknown_handling
 .text.png_zstream_error
                0x00102414       0xe4 c:/devkitPro/portlibs/armv6k/lib\libpng.a(png.o)
                0x00102414                png_zstream_error
 .text.png_colorspace_set_gamma
                0x001024f8      0x158 c:/devkitPro/portlibs/armv6k/lib\libpng.a(png.o)
                0x001024f8                png_colorspace_set_gamma
 .text.png_colorspace_sync
                0x00102650       0x84 c:/devkitPro/portlibs/armv6k/lib\libpng.a(png.o)
                0x00102650                png_colorspace_sync
 *fill*         0x001026d4        0x4 
 .text.png_colorspace_set_sRGB
                0x001026d8      0x204 c:/devkitPro/portlibs/armv6k/lib\libpng.a(png.o)
                0x001026d8                png_colorspace_set_sRGB
 .text.png_icc_check_length
                0x001028dc      0x198 c:/devkitPro/portlibs/armv6k/lib\libpng.a(png.o)
                0x001028dc                png_icc_check_length
 .text.png_icc_check_header
                0x00102a74      0x37c c:/devkitPro/portlibs/armv6k/lib\libpng.a(png.o)
                0x00102a74                png_icc_check_header
 .text.png_icc_check_tag_table
                0x00102df0      0x138 c:/devkitPro/portlibs/armv6k/lib\libpng.a(png.o)
                0x00102df0                png_icc_check_tag_table
 .text.png_icc_set_sRGB
                0x00102f28      0x250 c:/devkitPro/portlibs/armv6k/lib\libpng.a(png.o)
                0x00102f28                png_icc_set_sRGB
 .text.png_colorspace_set_rgb_coefficients
                0x00103178      0x284 c:/devkitPro/portlibs/armv6k/lib\libpng.a(png.o)
                0x00103178                png_colorspace_set_rgb_coefficients
 .text.png_check_IHDR
                0x001033fc      0x2ac c:/devkitPro/portlibs/armv6k/lib\libpng.a(png.o)
                0x001033fc                png_check_IHDR
 .text.png_check_fp_number
                0x001036a8      0x2a8 c:/devkitPro/portlibs/armv6k/lib\libpng.a(png.o)
                0x001036a8                png_check_fp_number
 .text.png_check_fp_string
                0x00103950      0x2d4 c:/devkitPro/portlibs/armv6k/lib\libpng.a(png.o)
                0x00103950                png_check_fp_string
 *fill*         0x00103c24        0x4 
 .text.png_muldiv
                0x00103c28       0xc8 c:/devkitPro/portlibs/armv6k/lib\libpng.a(png.o)
                0x00103c28                png_muldiv
 .text.png_reciprocal
                0x00103cf0       0x78 c:/devkitPro/portlibs/armv6k/lib\libpng.a(png.o)
                0x00103cf0                png_reciprocal
 .text.png_colorspace_set_chromaticities
                0x00103d68      0xb6c c:/devkitPro/portlibs/armv6k/lib\libpng.a(png.o)
                0x00103d68                png_colorspace_set_chromaticities
 .text.png_gamma_significant
                0x001048d4       0x20 c:/devkitPro/portlibs/armv6k/lib\libpng.a(png.o)
                0x001048d4                png_gamma_significant
 *fill*         0x001048f4        0x4 
 .text.png_reciprocal2
                0x001048f8       0xa0 c:/devkitPro/portlibs/armv6k/lib\libpng.a(png.o)
                0x001048f8                png_reciprocal2
 .text.png_gamma_8bit_correct
                0x00104998       0x90 c:/devkitPro/portlibs/armv6k/lib\libpng.a(png.o)
                0x00104998                png_gamma_8bit_correct
 .text.png_gamma_correct
                0x00104a28      0x104 c:/devkitPro/portlibs/armv6k/lib\libpng.a(png.o)
                0x00104a28                png_gamma_correct
 .text.png_destroy_gamma_table
                0x00104b2c      0x134 c:/devkitPro/portlibs/armv6k/lib\libpng.a(png.o)
                0x00104b2c                png_destroy_gamma_table
 .text.png_build_gamma_table
                0x00104c60      0x880 c:/devkitPro/portlibs/armv6k/lib\libpng.a(png.o)
                0x00104c60                png_build_gamma_table
 .text.png_format_buffer.isra.0
                0x001054e0      0x1f0 c:/devkitPro/portlibs/armv6k/lib\libpng.a(pngerror.o)
 .text.png_safecat
                0x001056d0       0x78 c:/devkitPro/portlibs/armv6k/lib\libpng.a(pngerror.o)
                0x001056d0                png_safecat
 .text.png_format_number
                0x00105748      0x170 c:/devkitPro/portlibs/armv6k/lib\libpng.a(pngerror.o)
                0x00105748                png_format_number
 .text.png_warning
                0x001058b8      0x14c c:/devkitPro/portlibs/armv6k/lib\libpng.a(pngerror.o)
                0x001058b8                png_warning
 .text.png_chunk_warning
                0x00105a04      0x1ac c:/devkitPro/portlibs/armv6k/lib\libpng.a(pngerror.o)
                0x00105a04                png_chunk_warning
 .text.png_free_jmpbuf
                0x00105bb0       0x94 c:/devkitPro/portlibs/armv6k/lib\libpng.a(pngerror.o)
                0x00105bb0                png_free_jmpbuf
 .text.png_longjmp
                0x00105c44       0x2c c:/devkitPro/portlibs/armv6k/lib\libpng.a(pngerror.o)
                0x00105c44                png_longjmp
 .text.png_error
                0x00105c70       0x60 c:/devkitPro/portlibs/armv6k/lib\libpng.a(pngerror.o)
                0x00105c70                png_error
 .text.png_app_warning
                0x00105cd0      0x15c c:/devkitPro/portlibs/armv6k/lib\libpng.a(pngerror.o)
                0x00105cd0                png_app_warning
 .text.png_app_error
                0x00105e2c      0x15c c:/devkitPro/portlibs/armv6k/lib\libpng.a(pngerror.o)
                0x00105e2c                png_app_error
 .text.png_chunk_error
                0x00105f88       0x2c c:/devkitPro/portlibs/armv6k/lib\libpng.a(pngerror.o)
                0x00105f88                png_chunk_error
 .text.png_chunk_benign_error
                0x00105fb4      0x1a4 c:/devkitPro/portlibs/armv6k/lib\libpng.a(pngerror.o)
                0x00105fb4                png_chunk_benign_error
 .text.png_benign_error
                0x00106158      0x2d4 c:/devkitPro/portlibs/armv6k/lib\libpng.a(pngerror.o)
                0x00106158                png_benign_error
 .text.png_set_longjmp_fn
                0x0010642c       0xf0 c:/devkitPro/portlibs/armv6k/lib\libpng.a(pngerror.o)
                0x0010642c                png_set_longjmp_fn
 .text.png_chunk_report
                0x0010651c      0x2dc c:/devkitPro/portlibs/armv6k/lib\libpng.a(pngerror.o)
                0x0010651c                png_chunk_report
 .text.png_set_error_fn
                0x001067f8       0x14 c:/devkitPro/portlibs/armv6k/lib\libpng.a(pngerror.o)
                0x001067f8                png_set_error_fn
 .text.png_get_valid
                0x0010680c       0x1c c:/devkitPro/portlibs/armv6k/lib\libpng.a(pngget.o)
                0x0010680c                png_get_valid
 .text.png_get_IHDR
                0x00106828       0xa0 c:/devkitPro/portlibs/armv6k/lib\libpng.a(pngget.o)
                0x00106828                png_get_IHDR
 .text.png_destroy_png_struct
                0x001068c8       0x64 c:/devkitPro/portlibs/armv6k/lib\libpng.a(pngmem.o)
                0x001068c8                png_destroy_png_struct
 .text.png_calloc
                0x0010692c       0x78 c:/devkitPro/portlibs/armv6k/lib\libpng.a(pngmem.o)
                0x0010692c                png_calloc
 .text.png_malloc_base
                0x001069a4       0x30 c:/devkitPro/portlibs/armv6k/lib\libpng.a(pngmem.o)
                0x001069a4                png_malloc_base
 .text.png_malloc_array
                0x001069d4       0x8c c:/devkitPro/portlibs/armv6k/lib\libpng.a(pngmem.o)
                0x001069d4                png_malloc_array
 .text.png_realloc_array
                0x00106a60      0x104 c:/devkitPro/portlibs/armv6k/lib\libpng.a(pngmem.o)
                0x00106a60                png_realloc_array
 .text.png_malloc
                0x00106b64       0x5c c:/devkitPro/portlibs/armv6k/lib\libpng.a(pngmem.o)
                0x00106b64                png_malloc
 .text.png_malloc_warn
                0x00106bc0       0x64 c:/devkitPro/portlibs/armv6k/lib\libpng.a(pngmem.o)
                0x00106bc0                png_malloc_warn
 .text.png_free
                0x00106c24       0x24 c:/devkitPro/portlibs/armv6k/lib\libpng.a(pngmem.o)
                0x00106c24                png_free
 .text.png_set_mem_fn
                0x00106c48       0x14 c:/devkitPro/portlibs/armv6k/lib\libpng.a(pngmem.o)
                0x00106c48                png_set_mem_fn
 .text.png_do_read_intrapixel
                0x00106c5c      0x110 c:/devkitPro/portlibs/armv6k/lib\libpng.a(pngread.o)
 .text.png_read_info.part.3
                0x00106d6c      0x408 c:/devkitPro/portlibs/armv6k/lib\libpng.a(pngread.o)
 .text.png_create_read_struct
                0x00107174       0x58 c:/devkitPro/portlibs/armv6k/lib\libpng.a(pngread.o)
                0x00107174                png_create_read_struct
 .text.png_read_info
                0x001071cc       0x10 c:/devkitPro/portlibs/armv6k/lib\libpng.a(pngread.o)
                0x001071cc                png_read_info
 .text.png_read_update_info
                0x001071dc       0x40 c:/devkitPro/portlibs/armv6k/lib\libpng.a(pngread.o)
                0x001071dc                png_read_update_info
 .text.png_read_image
                0x0010721c      0x3bc c:/devkitPro/portlibs/armv6k/lib\libpng.a(pngread.o)
                0x0010721c                png_read_image
 .text.png_destroy_read_struct
                0x001075d8      0x134 c:/devkitPro/portlibs/armv6k/lib\libpng.a(pngread.o)
                0x001075d8                png_destroy_read_struct
 .text.png_default_read_data
                0x0010770c       0x38 c:/devkitPro/portlibs/armv6k/lib\libpng.a(pngrio.o)
                0x0010770c                png_default_read_data
 .text.png_read_data
                0x00107744       0x20 c:/devkitPro/portlibs/armv6k/lib\libpng.a(pngrio.o)
                0x00107744                png_read_data
 .text.png_set_read_fn
                0x00107764       0x50 c:/devkitPro/portlibs/armv6k/lib\libpng.a(pngrio.o)
                0x00107764                png_set_read_fn
 .text.png_do_gray_to_rgb
                0x001077b4      0x218 c:/devkitPro/portlibs/armv6k/lib\libpng.a(pngrtran.o)
 .text.png_do_compose
                0x001079cc     0x1170 c:/devkitPro/portlibs/armv6k/lib\libpng.a(pngrtran.o)
 .text.png_set_scale_16
                0x00108b3c       0x38 c:/devkitPro/portlibs/armv6k/lib\libpng.a(pngrtran.o)
                0x00108b3c                png_set_scale_16
 .text.png_set_expand
                0x00108b74       0x3c c:/devkitPro/portlibs/armv6k/lib\libpng.a(pngrtran.o)
                0x00108b74                png_set_expand
 .text.png_set_palette_to_rgb
                0x00108bb0       0x3c c:/devkitPro/portlibs/armv6k/lib\libpng.a(pngrtran.o)
                0x00108bb0                png_set_palette_to_rgb
 .text.png_set_tRNS_to_alpha
                0x00108bec       0x3c c:/devkitPro/portlibs/armv6k/lib\libpng.a(pngrtran.o)
                0x00108bec                png_set_tRNS_to_alpha
 .text.png_set_gray_to_rgb
                0x00108c28       0x38 c:/devkitPro/portlibs/armv6k/lib\libpng.a(pngrtran.o)
                0x00108c28                png_set_gray_to_rgb
 .text.png_init_read_transformations
                0x00108c60      0xcc4 c:/devkitPro/portlibs/armv6k/lib\libpng.a(pngrtran.o)
                0x00108c60                png_init_read_transformations
 .text.png_read_transform_info
                0x00109924      0x2c4 c:/devkitPro/portlibs/armv6k/lib\libpng.a(pngrtran.o)
                0x00109924                png_read_transform_info
 .text.png_do_read_transformations
                0x00109be8     0x23f0 c:/devkitPro/portlibs/armv6k/lib\libpng.a(pngrtran.o)
                0x00109be8                png_do_read_transformations
 .text.png_read_filter_row_sub
                0x0010bfd8      0x1d0 c:/devkitPro/portlibs/armv6k/lib\libpng.a(pngrutil.o)
 .text.png_read_filter_row_up
                0x0010c1a8      0x1ac c:/devkitPro/portlibs/armv6k/lib\libpng.a(pngrutil.o)
 .text.png_read_filter_row_avg
                0x0010c354       0x80 c:/devkitPro/portlibs/armv6k/lib\libpng.a(pngrutil.o)
 .text.png_read_filter_row_paeth_1byte_pixel
                0x0010c3d4       0x8c c:/devkitPro/portlibs/armv6k/lib\libpng.a(pngrutil.o)
 .text.png_read_filter_row_paeth_multibyte_pixel
                0x0010c460      0x26c c:/devkitPro/portlibs/armv6k/lib\libpng.a(pngrutil.o)
 .text.png_inflate_claim
                0x0010c6cc      0x110 c:/devkitPro/portlibs/armv6k/lib\libpng.a(pngrutil.o)
 .text.png_inflate.constprop.7
                0x0010c7dc      0x1d0 c:/devkitPro/portlibs/armv6k/lib\libpng.a(pngrutil.o)
 .text.png_inflate_read.part.3.constprop.5
                0x0010c9ac      0x158 c:/devkitPro/portlibs/armv6k/lib\libpng.a(pngrutil.o)
 .text.png_crc_finish.constprop.10
                0x0010cb04       0xdc c:/devkitPro/portlibs/armv6k/lib\libpng.a(pngrutil.o)
 .text.png_decompress_chunk.constprop.6
                0x0010cbe0      0x2c8 c:/devkitPro/portlibs/armv6k/lib\libpng.a(pngrutil.o)
 .text.png_read_sig
                0x0010cea8       0xac c:/devkitPro/portlibs/armv6k/lib\libpng.a(pngrutil.o)
                0x0010cea8                png_read_sig
 .text.png_read_chunk_header
                0x0010cf54      0x158 c:/devkitPro/portlibs/armv6k/lib\libpng.a(pngrutil.o)
                0x0010cf54                png_read_chunk_header
 .text.png_crc_finish
                0x0010d0ac      0x15c c:/devkitPro/portlibs/armv6k/lib\libpng.a(pngrutil.o)
                0x0010d0ac                png_crc_finish
 .text.png_handle_IHDR
                0x0010d208      0x178 c:/devkitPro/portlibs/armv6k/lib\libpng.a(pngrutil.o)
                0x0010d208                png_handle_IHDR
 .text.png_handle_PLTE
                0x0010d380      0x250 c:/devkitPro/portlibs/armv6k/lib\libpng.a(pngrutil.o)
                0x0010d380                png_handle_PLTE
 .text.png_handle_IEND
                0x0010d5d0       0x54 c:/devkitPro/portlibs/armv6k/lib\libpng.a(pngrutil.o)
                0x0010d5d0                png_handle_IEND
 .text.png_handle_gAMA
                0x0010d624       0xe4 c:/devkitPro/portlibs/armv6k/lib\libpng.a(pngrutil.o)
                0x0010d624                png_handle_gAMA
 .text.png_handle_sBIT
                0x0010d708      0x214 c:/devkitPro/portlibs/armv6k/lib\libpng.a(pngrutil.o)
                0x0010d708                png_handle_sBIT
 .text.png_handle_cHRM
                0x0010d91c      0x300 c:/devkitPro/portlibs/armv6k/lib\libpng.a(pngrutil.o)
                0x0010d91c                png_handle_cHRM
 .text.png_handle_sRGB
                0x0010dc1c      0x108 c:/devkitPro/portlibs/armv6k/lib\libpng.a(pngrutil.o)
                0x0010dc1c                png_handle_sRGB
 .text.png_handle_iCCP
                0x0010dd24      0x5dc c:/devkitPro/portlibs/armv6k/lib\libpng.a(pngrutil.o)
                0x0010dd24                png_handle_iCCP
 .text.png_handle_sPLT
                0x0010e300      0x33c c:/devkitPro/portlibs/armv6k/lib\libpng.a(pngrutil.o)
                0x0010e300                png_handle_sPLT
 .text.png_handle_tRNS
                0x0010e63c      0x23c c:/devkitPro/portlibs/armv6k/lib\libpng.a(pngrutil.o)
                0x0010e63c                png_handle_tRNS
 .text.png_handle_bKGD
                0x0010e878      0x224 c:/devkitPro/portlibs/armv6k/lib\libpng.a(pngrutil.o)
                0x0010e878                png_handle_bKGD
 .text.png_handle_hIST
                0x0010ea9c      0x13c c:/devkitPro/portlibs/armv6k/lib\libpng.a(pngrutil.o)
                0x0010ea9c                png_handle_hIST
 .text.png_handle_pHYs
                0x0010ebd8      0x13c c:/devkitPro/portlibs/armv6k/lib\libpng.a(pngrutil.o)
                0x0010ebd8                png_handle_pHYs
 .text.png_handle_oFFs
                0x0010ed14      0x15c c:/devkitPro/portlibs/armv6k/lib\libpng.a(pngrutil.o)
                0x0010ed14                png_handle_oFFs
 .text.png_handle_pCAL
                0x0010ee70      0x378 c:/devkitPro/portlibs/armv6k/lib\libpng.a(pngrutil.o)
                0x0010ee70                png_handle_pCAL
 .text.png_handle_sCAL
                0x0010f1e8      0x284 c:/devkitPro/portlibs/armv6k/lib\libpng.a(pngrutil.o)
                0x0010f1e8                png_handle_sCAL
 .text.png_handle_tIME
                0x0010f46c      0x114 c:/devkitPro/portlibs/armv6k/lib\libpng.a(pngrutil.o)
                0x0010f46c                png_handle_tIME
 .text.png_handle_tEXt
                0x0010f580      0x1c4 c:/devkitPro/portlibs/armv6k/lib\libpng.a(pngrutil.o)
                0x0010f580                png_handle_tEXt
 .text.png_handle_zTXt
                0x0010f744      0x24c c:/devkitPro/portlibs/armv6k/lib\libpng.a(pngrutil.o)
                0x0010f744                png_handle_zTXt
 .text.png_handle_iTXt
                0x0010f990      0x348 c:/devkitPro/portlibs/armv6k/lib\libpng.a(pngrutil.o)
                0x0010f990                png_handle_iTXt
 .text.png_handle_unknown
                0x0010fcd8      0x36c c:/devkitPro/portlibs/armv6k/lib\libpng.a(pngrutil.o)
                0x0010fcd8                png_handle_unknown
 .text.png_combine_row
                0x00110044      0x4dc c:/devkitPro/portlibs/armv6k/lib\libpng.a(pngrutil.o)
                0x00110044                png_combine_row
 .text.png_do_read_interlace
                0x00110520      0x484 c:/devkitPro/portlibs/armv6k/lib\libpng.a(pngrutil.o)
                0x00110520                png_do_read_interlace
 .text.png_read_filter_row
                0x001109a4       0x90 c:/devkitPro/portlibs/armv6k/lib\libpng.a(pngrutil.o)
                0x001109a4                png_read_filter_row
 .text.png_read_IDAT_data
                0x00110a34      0x508 c:/devkitPro/portlibs/armv6k/lib\libpng.a(pngrutil.o)
                0x00110a34                png_read_IDAT_data
 .text.png_read_finish_row
                0x00110f3c      0x368 c:/devkitPro/portlibs/armv6k/lib\libpng.a(pngrutil.o)
                0x00110f3c                png_read_finish_row
 .text.png_read_start_row
                0x001112a4      0x340 c:/devkitPro/portlibs/armv6k/lib\libpng.a(pngrutil.o)
                0x001112a4                png_read_start_row
 .text.png_set_bKGD
                0x001115e4       0x50 c:/devkitPro/portlibs/armv6k/lib\libpng.a(pngset.o)
                0x001115e4                png_set_bKGD
 .text.png_set_hIST
                0x00111634       0xac c:/devkitPro/portlibs/armv6k/lib\libpng.a(pngset.o)
                0x00111634                png_set_hIST
 .text.png_set_IHDR
                0x001116e0       0xdc c:/devkitPro/portlibs/armv6k/lib\libpng.a(pngset.o)
                0x001116e0                png_set_IHDR
 .text.png_set_oFFs
                0x001117bc       0x2c c:/devkitPro/portlibs/armv6k/lib\libpng.a(pngset.o)
                0x001117bc                png_set_oFFs
 .text.png_set_pCAL
                0x001117e8      0x268 c:/devkitPro/portlibs/armv6k/lib\libpng.a(pngset.o)
                0x001117e8                png_set_pCAL
 .text.png_set_sCAL_s
                0x00111a50      0x164 c:/devkitPro/portlibs/armv6k/lib\libpng.a(pngset.o)
                0x00111a50                png_set_sCAL_s
 .text.png_set_pHYs
                0x00111bb4       0x2c c:/devkitPro/portlibs/armv6k/lib\libpng.a(pngset.o)
                0x00111bb4                png_set_pHYs
 .text.png_set_PLTE
                0x00111be0      0x13c c:/devkitPro/portlibs/armv6k/lib\libpng.a(pngset.o)
                0x00111be0                png_set_PLTE
 .text.png_set_sBIT
                0x00111d1c       0x44 c:/devkitPro/portlibs/armv6k/lib\libpng.a(pngset.o)
                0x00111d1c                png_set_sBIT
 .text.png_set_text_2
                0x00111d60      0x334 c:/devkitPro/portlibs/armv6k/lib\libpng.a(pngset.o)
                0x00111d60                png_set_text_2
 .text.png_set_tIME
                0x00112094       0xa0 c:/devkitPro/portlibs/armv6k/lib\libpng.a(pngset.o)
                0x00112094                png_set_tIME
 .text.png_set_tRNS
                0x00112134      0x138 c:/devkitPro/portlibs/armv6k/lib\libpng.a(pngset.o)
                0x00112134                png_set_tRNS
 .text.png_set_sPLT
                0x0011226c      0x184 c:/devkitPro/portlibs/armv6k/lib\libpng.a(pngset.o)
                0x0011226c                png_set_sPLT
 .text.png_set_unknown_chunks
                0x001123f0      0x18c c:/devkitPro/portlibs/armv6k/lib\libpng.a(pngset.o)
                0x001123f0                png_set_unknown_chunks
 .text.png_set_packing
                0x0011257c       0x28 c:/devkitPro/portlibs/armv6k/lib\libpng.a(pngtrans.o)
                0x0011257c                png_set_packing
 .text.png_set_interlace_handling
                0x001125a4       0x30 c:/devkitPro/portlibs/armv6k/lib\libpng.a(pngtrans.o)
                0x001125a4                png_set_interlace_handling
 .text.png_set_filler
                0x001125d4       0x88 c:/devkitPro/portlibs/armv6k/lib\libpng.a(pngtrans.o)
                0x001125d4                png_set_filler
 .text.png_do_invert
                0x0011265c      0x1ec c:/devkitPro/portlibs/armv6k/lib\libpng.a(pngtrans.o)
                0x0011265c                png_do_invert
 .text.png_do_swap
                0x00112848       0x4c c:/devkitPro/portlibs/armv6k/lib\libpng.a(pngtrans.o)
                0x00112848                png_do_swap
 .text.png_do_packswap
                0x00112894       0x6c c:/devkitPro/portlibs/armv6k/lib\libpng.a(pngtrans.o)
                0x00112894                png_do_packswap
 .text.png_do_strip_channel
                0x00112900      0x22c c:/devkitPro/portlibs/armv6k/lib\libpng.a(pngtrans.o)
                0x00112900                png_do_strip_channel
 .text.png_do_bgr
                0x00112b2c      0x13c c:/devkitPro/portlibs/armv6k/lib\libpng.a(pngtrans.o)
                0x00112b2c                png_do_bgr
 .text.png_do_check_palette_indexes
                0x00112c68      0x1d0 c:/devkitPro/portlibs/armv6k/lib\libpng.a(pngtrans.o)
                0x00112c68                png_do_check_palette_indexes
 .text.adler32  0x00112e38      0x44c c:/devkitPro/portlibs/armv6k/lib\libz.a(adler32.o)
                0x00112e38                adler32
 .text.crc32    0x00113284      0x59c c:/devkitPro/portlibs/armv6k/lib\libz.a(crc32.o)
                0x00113284                crc32
 .text.inflateReset
                0x00113820       0x9c c:/devkitPro/portlibs/armv6k/lib\libz.a(inflate.o)
                0x00113820                inflateReset
 .text.inflateReset2
                0x001138bc      0x120 c:/devkitPro/portlibs/armv6k/lib\libz.a(inflate.o)
                0x001138bc                inflateReset2
 .text.inflateInit2_
                0x001139dc      0x178 c:/devkitPro/portlibs/armv6k/lib\libz.a(inflate.o)
                0x001139dc                inflateInit2_
 .text.inflate  0x00113b54     0x1ffc c:/devkitPro/portlibs/armv6k/lib\libz.a(inflate.o)
                0x00113b54                inflate
 .text.inflateEnd
                0x00115b50       0x60 c:/devkitPro/portlibs/armv6k/lib\libz.a(inflate.o)
                0x00115b50                inflateEnd
 .text.inflate_table
                0x00115bb0      0xb64 c:/devkitPro/portlibs/armv6k/lib\libz.a(inftrees.o)
                0x00115bb0                inflate_table
 .text.zcalloc  0x00116714        0x8 c:/devkitPro/portlibs/armv6k/lib\libz.a(zutil.o)
                0x00116714                zcalloc
 .text.zcfree   0x0011671c        0x8 c:/devkitPro/portlibs/armv6k/lib\libz.a(zutil.o)
                0x0011671c                zcfree
 .text.inflate_fast
                0x00116724      0xdf0 c:/devkitPro/portlibs/armv6k/lib\libz.a(inffast.o)
                0x00116724                inflate_fast
 .text.sf2d_fini
                0x00117514       0x48 c:/devkitPro/libctru/lib\libsf2d.a(sf2d.o)
                0x00117514                sf2d_fini
 .text.sf2d_start_frame_target
                0x0011755c       0xa0 c:/devkitPro/libctru/lib\libsf2d.a(sf2d.o)
                0x0011755c                sf2d_start_frame_target
 .text.sf2d_start_frame
                0x001175fc       0x38 c:/devkitPro/libctru/lib\libsf2d.a(sf2d.o)
                0x001175fc                sf2d_start_frame
 .text.sf2d_end_frame
                0x00117634        0x4 c:/devkitPro/libctru/lib\libsf2d.a(sf2d.o)
                0x00117634                sf2d_end_frame
 .text.sf2d_swapbuffers
                0x00117638       0xb0 c:/devkitPro/libctru/lib\libsf2d.a(sf2d.o)
                0x00117638                sf2d_swapbuffers
 .text.sf2d_pool_memalign
                0x001176e8       0x40 c:/devkitPro/libctru/lib\libsf2d.a(sf2d.o)
                0x001176e8                sf2d_pool_memalign
 .text.sf2d_set_clear_color
                0x00117728       0x38 c:/devkitPro/libctru/lib\libsf2d.a(sf2d.o)
                0x00117728                sf2d_set_clear_color
 .text.sf2d_init_advanced.part.0
                0x00117760      0x1ac c:/devkitPro/libctru/lib\libsf2d.a(sf2d.o)
 .text.sf2d_init
                0x0011790c       0x28 c:/devkitPro/libctru/lib\libsf2d.a(sf2d.o)
                0x0011790c                sf2d_init
 .text.sf2d_create_texture
                0x00117934      0x118 c:/devkitPro/libctru/lib\libsf2d.a(sf2d_texture.o)
                0x00117934                sf2d_create_texture
 .text.sf2d_create_rendertarget
                0x00117a4c       0x94 c:/devkitPro/libctru/lib\libsf2d.a(sf2d_texture.o)
                0x00117a4c                sf2d_create_rendertarget
 .text.sf2d_free_texture
                0x00117ae0       0x20 c:/devkitPro/libctru/lib\libsf2d.a(sf2d_texture.o)
                0x00117ae0                sf2d_free_texture
 .text.sf2d_clear_target
                0x00117b00       0x14 c:/devkitPro/libctru/lib\libsf2d.a(sf2d_texture.o)
                0x00117b00                sf2d_clear_target
 .text.sf2d_bind_texture
                0x00117b14       0x54 c:/devkitPro/libctru/lib\libsf2d.a(sf2d_texture.o)
                0x00117b14                sf2d_bind_texture
 .text.sf2d_draw_texture_rotate
                0x00117b68      0x1d4 c:/devkitPro/libctru/lib\libsf2d.a(sf2d_texture.o)
                0x00117b68                sf2d_draw_texture_rotate
 .text.sf2d_texture_tile32
                0x00117d3c      0x110 c:/devkitPro/libctru/lib\libsf2d.a(sf2d_texture.o)
                0x00117d3c                sf2d_texture_tile32
 .text.C3D_UpdateUniforms
                0x00117e4c      0x2b4 c:/devkitPro/libctru/lib\libcitro3d.a(uniforms.o)
                0x00117e4c                C3D_UpdateUniforms
 .text.C3Di_DirtyUniforms
                0x00118100       0xc0 c:/devkitPro/libctru/lib\libcitro3d.a(uniforms.o)
                0x00118100                C3Di_DirtyUniforms
 .text.C3Di_LoadShaderUniforms
                0x001181c0       0xe8 c:/devkitPro/libctru/lib\libcitro3d.a(uniforms.o)
                0x001181c0                C3Di_LoadShaderUniforms
 .text.C3Di_ClearShaderUniforms
                0x001182a8       0x28 c:/devkitPro/libctru/lib\libcitro3d.a(uniforms.o)
                0x001182a8                C3Di_ClearShaderUniforms
 .text.AttrInfo_Init
                0x001182d0       0x28 c:/devkitPro/libctru/lib\libcitro3d.a(attribs.o)
                0x001182d0                AttrInfo_Init
 .text.AttrInfo_AddLoader
                0x001182f8       0xac c:/devkitPro/libctru/lib\libcitro3d.a(attribs.o)
                0x001182f8                AttrInfo_AddLoader
 .text.C3D_GetAttrInfo
                0x001183a4       0x24 c:/devkitPro/libctru/lib\libcitro3d.a(attribs.o)
                0x001183a4                C3D_GetAttrInfo
 .text.C3Di_AttrInfoBind
                0x001183c8       0x80 c:/devkitPro/libctru/lib\libcitro3d.a(attribs.o)
                0x001183c8                C3Di_AttrInfoBind
 .text.C3D_DepthMap
                0x00118448       0x3c c:/devkitPro/libctru/lib\libcitro3d.a(effect.o)
                0x00118448                C3D_DepthMap
 .text.C3D_CullFace
                0x00118484       0x1c c:/devkitPro/libctru/lib\libcitro3d.a(effect.o)
                0x00118484                C3D_CullFace
 .text.C3D_StencilTest
                0x001184a0       0x40 c:/devkitPro/libctru/lib\libcitro3d.a(effect.o)
                0x001184a0                C3D_StencilTest
 .text.C3D_StencilOp
                0x001184e0       0x24 c:/devkitPro/libctru/lib\libcitro3d.a(effect.o)
                0x001184e0                C3D_StencilOp
 .text.C3D_BlendingColor
                0x00118504       0x1c c:/devkitPro/libctru/lib\libcitro3d.a(effect.o)
                0x00118504                C3D_BlendingColor
 .text.C3D_DepthTest
                0x00118520       0x2c c:/devkitPro/libctru/lib\libcitro3d.a(effect.o)
                0x00118520                C3D_DepthTest
 .text.C3D_AlphaTest
                0x0011854c       0x2c c:/devkitPro/libctru/lib\libcitro3d.a(effect.o)
                0x0011854c                C3D_AlphaTest
 .text.C3D_AlphaBlend
                0x00118578       0x50 c:/devkitPro/libctru/lib\libcitro3d.a(effect.o)
                0x00118578                C3D_AlphaBlend
 .text.C3D_FragOpMode
                0x001185c8       0x30 c:/devkitPro/libctru/lib\libcitro3d.a(effect.o)
                0x001185c8                C3D_FragOpMode
 .text.C3Di_EffectBind
                0x001185f8      0x11c c:/devkitPro/libctru/lib\libcitro3d.a(effect.o)
                0x001185f8                C3Di_EffectBind
 .text.C3D_DrawArrays
                0x00118714      0x148 c:/devkitPro/libctru/lib\libcitro3d.a(drawArrays.o)
                0x00118714                C3D_DrawArrays
 .text.BufInfo_Init
                0x0011885c       0x20 c:/devkitPro/libctru/lib\libcitro3d.a(buffers.o)
                0x0011885c                BufInfo_Init
 .text.BufInfo_Add
                0x0011887c       0x84 c:/devkitPro/libctru/lib\libcitro3d.a(buffers.o)
                0x0011887c                BufInfo_Add
 .text.C3D_GetBufInfo
                0x00118900       0x24 c:/devkitPro/libctru/lib\libcitro3d.a(buffers.o)
                0x00118900                C3D_GetBufInfo
 .text.C3Di_BufInfoBind
                0x00118924       0x48 c:/devkitPro/libctru/lib\libcitro3d.a(buffers.o)
                0x00118924                C3Di_BufInfoBind
 .text.TexEnv_Init
                0x0011896c       0x34 c:/devkitPro/libctru/lib\libcitro3d.a(texenv.o)
                0x0011896c                TexEnv_Init
 .text.C3D_GetTexEnv
                0x001189a0       0x34 c:/devkitPro/libctru/lib\libcitro3d.a(texenv.o)
                0x001189a0                C3D_GetTexEnv
 .text.C3Di_TexEnvBind
                0x001189d4       0x24 c:/devkitPro/libctru/lib\libcitro3d.a(texenv.o)
                0x001189d4                C3Di_TexEnvBind
 .text.C3D_TexInit
                0x001189f8       0xb8 c:/devkitPro/libctru/lib\libcitro3d.a(texture.o)
                0x001189f8                C3D_TexInit
 .text.C3D_TexInitVRAM
                0x00118ab0       0xb8 c:/devkitPro/libctru/lib\libcitro3d.a(texture.o)
                0x00118ab0                C3D_TexInitVRAM
 .text.C3D_TexSetWrap
                0x00118b68       0x28 c:/devkitPro/libctru/lib\libcitro3d.a(texture.o)
                0x00118b68                C3D_TexSetWrap
 .text.C3D_TexBind
                0x00118b90       0x34 c:/devkitPro/libctru/lib\libcitro3d.a(texture.o)
                0x00118b90                C3D_TexBind
 .text.C3D_TexDelete
                0x00118bc4       0x3c c:/devkitPro/libctru/lib\libcitro3d.a(texture.o)
                0x00118bc4                C3D_TexDelete
 .text.C3Di_RenderQueueWaitDone
                0x00118c00       0x3c c:/devkitPro/libctru/lib\libcitro3d.a(renderqueue.o)
 .text.performTransfer.part.0
                0x00118c3c       0x78 c:/devkitPro/libctru/lib\libcitro3d.a(renderqueue.o)
 .text.transferTarget
                0x00118cb4       0x50 c:/devkitPro/libctru/lib\libcitro3d.a(renderqueue.o)
 .text.onVBlank1
                0x00118d04       0x24 c:/devkitPro/libctru/lib\libcitro3d.a(renderqueue.o)
 .text.onVBlank0
                0x00118d28       0x8c c:/devkitPro/libctru/lib\libcitro3d.a(renderqueue.o)
 .text.performClear.part.2
                0x00118db4       0x3c c:/devkitPro/libctru/lib\libcitro3d.a(renderqueue.o)
 .text.clearTarget
                0x00118df0       0x4c c:/devkitPro/libctru/lib\libcitro3d.a(renderqueue.o)
 .text.updateFrameQueue.part.4
                0x00118e3c       0xc0 c:/devkitPro/libctru/lib\libcitro3d.a(renderqueue.o)
 .text.onRenderFinish
                0x00118efc       0xe0 c:/devkitPro/libctru/lib\libcitro3d.a(renderqueue.o)
 .text.onTransferFinish
                0x00118fdc       0xbc c:/devkitPro/libctru/lib\libcitro3d.a(renderqueue.o)
 .text.checkRenderQueueInit.part.7
                0x00119098       0x5c c:/devkitPro/libctru/lib\libcitro3d.a(renderqueue.o)
 .text.onClearDone
                0x001190f4       0x70 c:/devkitPro/libctru/lib\libcitro3d.a(renderqueue.o)
 .text.C3D_FrameBegin
                0x00119164       0x6c c:/devkitPro/libctru/lib\libcitro3d.a(renderqueue.o)
                0x00119164                C3D_FrameBegin
 .text.C3D_FrameDrawOn
                0x001191d0       0x78 c:/devkitPro/libctru/lib\libcitro3d.a(renderqueue.o)
                0x001191d0                C3D_FrameDrawOn
 .text.C3D_FrameEnd
                0x00119248       0xcc c:/devkitPro/libctru/lib\libcitro3d.a(renderqueue.o)
                0x00119248                C3D_FrameEnd
 .text.C3D_RenderTargetCreate
                0x00119314       0xe0 c:/devkitPro/libctru/lib\libcitro3d.a(renderqueue.o)
                0x00119314                C3D_RenderTargetCreate
 .text.C3D_RenderTargetDelete
                0x001193f4       0x7c c:/devkitPro/libctru/lib\libcitro3d.a(renderqueue.o)
                0x001193f4                C3D_RenderTargetDelete
 .text.C3Di_RenderQueueExit
                0x00119470       0x84 c:/devkitPro/libctru/lib\libcitro3d.a(renderqueue.o)
 .text.C3D_RenderTargetSetClear
                0x001194f4       0x50 c:/devkitPro/libctru/lib\libcitro3d.a(renderqueue.o)
                0x001194f4                C3D_RenderTargetSetClear
 .text.C3D_RenderTargetSetOutput
                0x00119544       0x58 c:/devkitPro/libctru/lib\libcitro3d.a(renderqueue.o)
                0x00119544                C3D_RenderTargetSetOutput
 .text.C3Di_AptEventHook
                0x0011959c       0x88 c:/devkitPro/libctru/lib\libcitro3d.a(base.o)
 .text.C3D_Init
                0x00119624      0x174 c:/devkitPro/libctru/lib\libcitro3d.a(base.o)
                0x00119624                C3D_Init
 .text.C3D_SetViewport
                0x00119798       0x98 c:/devkitPro/libctru/lib\libcitro3d.a(base.o)
                0x00119798                C3D_SetViewport
 .text.C3Di_UpdateContext
                0x00119830      0x584 c:/devkitPro/libctru/lib\libcitro3d.a(base.o)
                0x00119830                C3Di_UpdateContext
 .text.C3Di_FinalizeFrame
                0x00119db4       0xe0 c:/devkitPro/libctru/lib\libcitro3d.a(base.o)
                0x00119db4                C3Di_FinalizeFrame
 .text.C3D_Fini
                0x00119e94       0x48 c:/devkitPro/libctru/lib\libcitro3d.a(base.o)
                0x00119e94                C3D_Fini
 .text.C3D_BindProgram
                0x00119edc       0xd4 c:/devkitPro/libctru/lib\libcitro3d.a(base.o)
                0x00119edc                C3D_BindProgram
 .text.Mtx_OrthoTilt
                0x00119fb0       0xc8 c:/devkitPro/libctru/lib\libcitro3d.a(mtx_orthotilt.o)
                0x00119fb0                Mtx_OrthoTilt
 .text.C3D_RenderBufInit
                0x0011a078       0xa4 c:/devkitPro/libctru/lib\libcitro3d.a(renderbuffer.o)
                0x0011a078                C3D_RenderBufInit
 .text.C3D_RenderBufClearAsync
                0x0011a11c       0x80 c:/devkitPro/libctru/lib\libcitro3d.a(renderbuffer.o)
                0x0011a11c                C3D_RenderBufClearAsync
 .text.C3D_RenderBufTransferAsync
                0x0011a19c       0x28 c:/devkitPro/libctru/lib\libcitro3d.a(renderbuffer.o)
                0x0011a19c                C3D_RenderBufTransferAsync
 .text.C3D_RenderBufBind
                0x0011a1c4       0x38 c:/devkitPro/libctru/lib\libcitro3d.a(renderbuffer.o)
                0x0011a1c4                C3D_RenderBufBind
 .text.C3Di_RenderBufBind
                0x0011a1fc      0x170 c:/devkitPro/libctru/lib\libcitro3d.a(renderbuffer.o)
                0x0011a1fc                C3Di_RenderBufBind
 .text.C3D_RenderBufDelete
                0x0011a36c       0x18 c:/devkitPro/libctru/lib\libcitro3d.a(renderbuffer.o)
                0x0011a36c                C3D_RenderBufDelete
 .text.C3D_ImmSendAttrib
                0x0011a384       0xb4 c:/devkitPro/libctru/lib\libcitro3d.a(immediate.o)
                0x0011a384                C3D_ImmSendAttrib
 .text._ZL21addrMapNodeComparatorPK11rbtree_nodeS1_
                0x0011a438       0x24 c:/devkitPro/libctru/lib\libctru.a(linear.o)
 .text._ZL21addrMapNodeDestructorP11rbtree_node
                0x0011a45c        0x4 c:/devkitPro/libctru/lib\libctru.a(linear.o)
 .text.linearMemAlign
                0x0011a460      0x13c c:/devkitPro/libctru/lib\libctru.a(linear.o)
                0x0011a460                linearMemAlign
 .text.linearAlloc
                0x0011a59c        0x8 c:/devkitPro/libctru/lib\libctru.a(linear.o)
                0x0011a59c                linearAlloc
 .text.linearFree
                0x0011a5a4       0x50 c:/devkitPro/libctru/lib\libctru.a(linear.o)
                0x0011a5a4                linearFree
 .text._ZL21addrMapNodeComparatorPK11rbtree_nodeS1_
                0x0011a5f4       0x24 c:/devkitPro/libctru/lib\libctru.a(vram.o)
 .text._ZL21addrMapNodeDestructorP11rbtree_node
                0x0011a618        0x4 c:/devkitPro/libctru/lib\libctru.a(vram.o)
 .text.vramMemAlign
                0x0011a61c      0x12c c:/devkitPro/libctru/lib\libctru.a(vram.o)
                0x0011a61c                vramMemAlign
 .text.vramAlloc
                0x0011a748        0x8 c:/devkitPro/libctru/lib\libctru.a(vram.o)
                0x0011a748                vramAlloc
 .text.vramFree
                0x0011a750       0x50 c:/devkitPro/libctru/lib\libctru.a(vram.o)
                0x0011a750                vramFree
 .text.gfxSetFramebufferInfo.part.0
                0x0011a7a0       0x8c c:/devkitPro/libctru/lib\libctru.a(gfx.o)
 .text.gfxSet3D
                0x0011a82c       0x10 c:/devkitPro/libctru/lib\libctru.a(gfx.o)
                0x0011a82c                gfxSet3D
 .text.gfxIs3D  0x0011a83c       0x10 c:/devkitPro/libctru/lib\libctru.a(gfx.o)
                0x0011a83c                gfxIs3D
 .text.__get_bytes_per_pixel
                0x0011a84c       0x18 c:/devkitPro/libctru/lib\libctru.a(gfx.o)
                0x0011a84c                __get_bytes_per_pixel
 .text.gfxSetScreenFormat
                0x0011a864      0x174 c:/devkitPro/libctru/lib\libctru.a(gfx.o)
                0x0011a864                gfxSetScreenFormat
 .text.gfxSetDoubleBuffering
                0x0011a9d8       0x14 c:/devkitPro/libctru/lib\libctru.a(gfx.o)
                0x0011a9d8                gfxSetDoubleBuffering
 .text.gfxSetFramebufferInfo
                0x0011a9ec       0x70 c:/devkitPro/libctru/lib\libctru.a(gfx.o)
                0x0011a9ec                gfxSetFramebufferInfo
 .text.gfxWriteFramebufferInfo
                0x0011aa5c       0x88 c:/devkitPro/libctru/lib\libctru.a(gfx.o)
                0x0011aa5c                gfxWriteFramebufferInfo
 .text.gfxInit  0x0011aae4      0x1fc c:/devkitPro/libctru/lib\libctru.a(gfx.o)
                0x0011aae4                gfxInit
 .text.gfxInitDefault
                0x0011ace0       0x10 c:/devkitPro/libctru/lib\libctru.a(gfx.o)
                0x0011ace0                gfxInitDefault
 .text.gfxExit  0x0011acf0       0xe0 c:/devkitPro/libctru/lib\libctru.a(gfx.o)
                0x0011acf0                gfxExit
 .text.gfxGetFramebuffer
                0x0011add0       0xb0 c:/devkitPro/libctru/lib\libctru.a(gfx.o)
                0x0011add0                gfxGetFramebuffer
 .text.gfxFlushBuffers
                0x0011ae80       0xc8 c:/devkitPro/libctru/lib\libctru.a(gfx.o)
                0x0011ae80                gfxFlushBuffers
 .text.gfxConfigScreen
                0x0011af48       0x70 c:/devkitPro/libctru/lib\libctru.a(gfx.o)
                0x0011af48                gfxConfigScreen
 .text.gfxSwapBuffersGpu
                0x0011afb8       0x20 c:/devkitPro/libctru/lib\libctru.a(gfx.o)
                0x0011afb8                gfxSwapBuffersGpu
 .text.debug_write
                0x0011afd8       0x1c c:/devkitPro/libctru/lib\libctru.a(console.o)
                0x0011afd8                debug_write
 .text.consoleDrawChar
                0x0011aff4      0x1b0 c:/devkitPro/libctru/lib\libctru.a(console.o)
                0x0011aff4                consoleDrawChar
 .text.consolePrintChar
                0x0011b1a4      0x124 c:/devkitPro/libctru/lib\libctru.a(console.o)
                0x0011b1a4                consolePrintChar
 .text.consoleCls
                0x0011b2c8      0x190 c:/devkitPro/libctru/lib\libctru.a(console.o)
 .text.consoleInit
                0x0011b458       0xf8 c:/devkitPro/libctru/lib\libctru.a(console.o)
                0x0011b458                consoleInit
 .text.consoleClearLine
                0x0011b550      0x144 c:/devkitPro/libctru/lib\libctru.a(console.o)
 .text.newRow   0x0011b694       0xbc c:/devkitPro/libctru/lib\libctru.a(console.o)
 .text.con_write
                0x0011b750      0x79c c:/devkitPro/libctru/lib\libctru.a(console.o)
                0x0011b750                con_write
 .text.getSysTime
                0x0011beec       0x58 c:/devkitPro/libctru/lib\libctru.a(os.o)
 .text.osConvertVirtToPhys
                0x0011bf44       0x4c c:/devkitPro/libctru/lib\libctru.a(os.o)
                0x0011bf44                osConvertVirtToPhys
 .text.osGetMemRegionUsed
                0x0011bf90       0x24 c:/devkitPro/libctru/lib\libctru.a(os.o)
                0x0011bf90                osGetMemRegionUsed
 *fill*         0x0011bfb4        0x4 
 .text.__libctru_gtod
                0x0011bfb8       0xf4 c:/devkitPro/libctru/lib\libctru.a(os.o)
                0x0011bfb8                __libctru_gtod
 *fill*         0x0011c0ac        0x4 
 .text.osGetTime
                0x0011c0b0       0x78 c:/devkitPro/libctru/lib\libctru.a(os.o)
                0x0011c0b0                osGetTime
 .text.__ctru_speedup_config
                0x0011c128       0x34 c:/devkitPro/libctru/lib\libctru.a(os.o)
                0x0011c128                __ctru_speedup_config
 .text.GPUCMD_SetBuffer
                0x0011c15c       0x2c c:/devkitPro/libctru/lib\libctru.a(gpu.o)
                0x0011c15c                GPUCMD_SetBuffer
 .text.GPUCMD_GetBuffer
                0x0011c188       0x40 c:/devkitPro/libctru/lib\libctru.a(gpu.o)
                0x0011c188                GPUCMD_GetBuffer
 .text.GPUCMD_Add
                0x0011c1c8      0x108 c:/devkitPro/libctru/lib\libctru.a(gpu.o)
                0x0011c1c8                GPUCMD_Add
 .text.GPUCMD_Finalize
                0x0011c2d0       0x98 c:/devkitPro/libctru/lib\libctru.a(gpu.o)
                0x0011c2d0                GPUCMD_Finalize
 .text.f32tof24
                0x0011c368       0x44 c:/devkitPro/libctru/lib\libctru.a(gpu.o)
                0x0011c368                f32tof24
 .text.f32tof31
                0x0011c3ac       0x40 c:/devkitPro/libctru/lib\libctru.a(gpu.o)
                0x0011c3ac                f32tof31
 .text.GX_ProcessCommandList
                0x0011c3ec       0x54 c:/devkitPro/libctru/lib\libctru.a(gx.o)
                0x0011c3ec                GX_ProcessCommandList
 .text.GX_MemoryFill
                0x0011c440       0x60 c:/devkitPro/libctru/lib\libctru.a(gx.o)
                0x0011c440                GX_MemoryFill
 .text.GX_DisplayTransfer
                0x0011c4a0       0x50 c:/devkitPro/libctru/lib\libctru.a(gx.o)
                0x0011c4a0                GX_DisplayTransfer
 .text.GX_FlushCacheRegions
                0x0011c4f0       0x54 c:/devkitPro/libctru/lib\libctru.a(gx.o)
                0x0011c4f0                GX_FlushCacheRegions
 .text.DVLB_Free
                0x0011c544       0x38 c:/devkitPro/libctru/lib\libctru.a(shbin.o)
                0x0011c544                DVLB_Free
 .text.DVLE_GetUniformRegister
                0x0011c57c       0x78 c:/devkitPro/libctru/lib\libctru.a(shbin.o)
                0x0011c57c                DVLE_GetUniformRegister
 .text.DVLE_GenerateOutmap
                0x0011c5f4      0x1ec c:/devkitPro/libctru/lib\libctru.a(shbin.o)
                0x0011c5f4                DVLE_GenerateOutmap
 .text.DVLB_ParseFile
                0x0011c7e0      0x1c0 c:/devkitPro/libctru/lib\libctru.a(shbin.o)
                0x0011c7e0                DVLB_ParseFile
 .text.shaderInstanceInit
                0x0011c9a0      0x1f4 c:/devkitPro/libctru/lib\libctru.a(shaderProgram.o)
                0x0011c9a0                shaderInstanceInit
 .text.shaderInstanceFree
                0x0011cb94       0x34 c:/devkitPro/libctru/lib\libctru.a(shaderProgram.o)
                0x0011cb94                shaderInstanceFree
 .text.shaderInstanceGetUniformLocation
                0x0011cbc8       0x18 c:/devkitPro/libctru/lib\libctru.a(shaderProgram.o)
                0x0011cbc8                shaderInstanceGetUniformLocation
 .text.shaderProgramInit
                0x0011cbe0       0x18 c:/devkitPro/libctru/lib\libctru.a(shaderProgram.o)
                0x0011cbe0                shaderProgramInit
 .text.shaderProgramFree
                0x0011cbf8       0x2c c:/devkitPro/libctru/lib\libctru.a(shaderProgram.o)
                0x0011cbf8                shaderProgramFree
 .text.shaderProgramSetVsh
                0x0011cc24       0x6c c:/devkitPro/libctru/lib\libctru.a(shaderProgram.o)
                0x0011cc24                shaderProgramSetVsh
 .text.shaderProgramConfigure
                0x0011cc90      0x894 c:/devkitPro/libctru/lib\libctru.a(shaderProgram.o)
                0x0011cc90                shaderProgramConfigure
 .text.ptmSysmInit
                0x0011d524       0x70 c:/devkitPro/libctru/lib\libctru.a(ptmsysm.o)
                0x0011d524                ptmSysmInit
 .text.ptmSysmExit
                0x0011d594       0x34 c:/devkitPro/libctru/lib\libctru.a(ptmsysm.o)
                0x0011d594                ptmSysmExit
 .text.PTMSYSM_ConfigureNew3DSCPU
                0x0011d5c8       0x34 c:/devkitPro/libctru/lib\libctru.a(ptmsysm.o)
                0x0011d5c8                PTMSYSM_ConfigureNew3DSCPU
 .text.hidExit  0x0011d5fc       0xd0 c:/devkitPro/libctru/lib\libctru.a(hid.o)
                0x0011d5fc                hidExit
 .text.hidScanInput
                0x0011d6cc      0x234 c:/devkitPro/libctru/lib\libctru.a(hid.o)
                0x0011d6cc                hidScanInput
 .text.hidKeysDown
                0x0011d900       0x10 c:/devkitPro/libctru/lib\libctru.a(hid.o)
                0x0011d900                hidKeysDown
 .text.hidKeysUp
                0x0011d910       0x10 c:/devkitPro/libctru/lib\libctru.a(hid.o)
                0x0011d910                hidKeysUp
 .text.hidTouchRead
                0x0011d920       0x18 c:/devkitPro/libctru/lib\libctru.a(hid.o)
                0x0011d920                hidTouchRead
 .text.HIDUSER_GetHandles
                0x0011d938       0x90 c:/devkitPro/libctru/lib\libctru.a(hid.o)
                0x0011d938                HIDUSER_GetHandles
 .text.hidInit  0x0011d9c8      0x18c c:/devkitPro/libctru/lib\libctru.a(hid.o)
                0x0011d9c8                hidInit
 .text._aptDebug
                0x0011db54        0x4 c:/devkitPro/libctru/lib\libctru.a(apt.o)
                0x0011db54                _aptDebug
 .text.aptSendCommand
                0x0011db58      0x130 c:/devkitPro/libctru/lib\libctru.a(apt.o)
                0x0011db58                aptSendCommand
 .text.aptExitProcess
                0x0011dc88       0x3c c:/devkitPro/libctru/lib\libctru.a(apt.o)
 .text.aptHook  0x0011dcc4       0x38 c:/devkitPro/libctru/lib\libctru.a(apt.o)
                0x0011dcc4                aptHook
 .text.aptUnhook
                0x0011dcfc       0x2c c:/devkitPro/libctru/lib\libctru.a(apt.o)
                0x0011dcfc                aptUnhook
 .text.APT_InquireNotification
                0x0011dd28       0x4c c:/devkitPro/libctru/lib\libctru.a(apt.o)
                0x0011dd28                APT_InquireNotification
 .text.aptEventHandler
                0x0011dd74      0x19c c:/devkitPro/libctru/lib\libctru.a(apt.o)
 .text.APT_AppletUtility
                0x0011df10       0x74 c:/devkitPro/libctru/lib\libctru.a(apt.o)
                0x0011df10                APT_AppletUtility
 .text.aptSetSleepAllowed
                0x0011df84       0xb4 c:/devkitPro/libctru/lib\libctru.a(apt.o)
                0x0011df84                aptSetSleepAllowed
 .text.APT_GlanceParameter
                0x0011e038       0xb4 c:/devkitPro/libctru/lib\libctru.a(apt.o)
                0x0011e038                APT_GlanceParameter
 .text.APT_ReceiveParameter
                0x0011e0ec       0xc0 c:/devkitPro/libctru/lib\libctru.a(apt.o)
                0x0011e0ec                APT_ReceiveParameter
 .text.aptReceiveParameter.constprop.1
                0x0011e1ac       0xa8 c:/devkitPro/libctru/lib\libctru.a(apt.o)
 *fill*         0x0011e254        0x4 
 .text.aptScreenTransfer
                0x0011e258      0x1ec c:/devkitPro/libctru/lib\libctru.a(apt.o)
 .text.aptWaitForWakeUp
                0x0011e444      0x228 c:/devkitPro/libctru/lib\libctru.a(apt.o)
 .text.APT_CancelParameter
                0x0011e66c       0x70 c:/devkitPro/libctru/lib\libctru.a(apt.o)
                0x0011e66c                APT_CancelParameter
 .text.aptInit  0x0011e6dc      0x230 c:/devkitPro/libctru/lib\libctru.a(apt.o)
                0x0011e6dc                aptInit
 .text.aptClearParamQueue
                0x0011e90c       0x8c c:/devkitPro/libctru/lib\libctru.a(apt.o)
 .text.aptMainLoop
                0x0011e998      0x214 c:/devkitPro/libctru/lib\libctru.a(apt.o)
                0x0011e998                aptMainLoop
 .text.aptExit  0x0011ebac      0x148 c:/devkitPro/libctru/lib\libctru.a(apt.o)
                0x0011ebac                aptExit
 .text.APT_CheckNew3DS
                0x0011ecf4       0x70 c:/devkitPro/libctru/lib\libctru.a(apt.o)
                0x0011ecf4                APT_CheckNew3DS
 .text.gspEventThreadMain
                0x0011ed64      0x160 c:/devkitPro/libctru/lib\libctru.a(gspgpu.o)
 .text.gspInit  0x0011eec4       0x74 c:/devkitPro/libctru/lib\libctru.a(gspgpu.o)
                0x0011eec4                gspInit
 .text.gspExit  0x0011ef38       0x3c c:/devkitPro/libctru/lib\libctru.a(gspgpu.o)
                0x0011ef38                gspExit
 .text.gspSetEventCallback
                0x0011ef74       0x2c c:/devkitPro/libctru/lib\libctru.a(gspgpu.o)
                0x0011ef74                gspSetEventCallback
 .text.gspInitEventHandler
                0x0011efa0       0x88 c:/devkitPro/libctru/lib\libctru.a(gspgpu.o)
                0x0011efa0                gspInitEventHandler
 .text.gspExitEventHandler
                0x0011f028       0x30 c:/devkitPro/libctru/lib\libctru.a(gspgpu.o)
                0x0011f028                gspExitEventHandler
 .text.gspWaitForEvent
                0x0011f058       0x44 c:/devkitPro/libctru/lib\libctru.a(gspgpu.o)
                0x0011f058                gspWaitForEvent
 .text.gspWaitForAnyEvent
                0x0011f09c       0x6c c:/devkitPro/libctru/lib\libctru.a(gspgpu.o)
                0x0011f09c                gspWaitForAnyEvent
 .text.gspSubmitGxCommand
                0x0011f108      0x124 c:/devkitPro/libctru/lib\libctru.a(gspgpu.o)
                0x0011f108                gspSubmitGxCommand
 .text.GSPGPU_SetBufferSwap
                0x0011f22c       0x6c c:/devkitPro/libctru/lib\libctru.a(gspgpu.o)
                0x0011f22c                GSPGPU_SetBufferSwap
 .text.GSPGPU_FlushDataCache
                0x0011f298       0x4c c:/devkitPro/libctru/lib\libctru.a(gspgpu.o)
                0x0011f298                GSPGPU_FlushDataCache
 .text.GSPGPU_SetLcdForceBlack
                0x0011f2e4       0x34 c:/devkitPro/libctru/lib\libctru.a(gspgpu.o)
                0x0011f2e4                GSPGPU_SetLcdForceBlack
 .text.GSPGPU_RegisterInterruptRelayQueue
                0x0011f318       0x64 c:/devkitPro/libctru/lib\libctru.a(gspgpu.o)
                0x0011f318                GSPGPU_RegisterInterruptRelayQueue
 .text.GSPGPU_UnregisterInterruptRelayQueue
                0x0011f37c       0x2c c:/devkitPro/libctru/lib\libctru.a(gspgpu.o)
                0x0011f37c                GSPGPU_UnregisterInterruptRelayQueue
 .text.GSPGPU_AcquireRight
                0x0011f3a8       0x48 c:/devkitPro/libctru/lib\libctru.a(gspgpu.o)
                0x0011f3a8                GSPGPU_AcquireRight
 .text.GSPGPU_ReleaseRight
                0x0011f3f0       0x2c c:/devkitPro/libctru/lib\libctru.a(gspgpu.o)
                0x0011f3f0                GSPGPU_ReleaseRight
 .text.GSPGPU_ImportDisplayCaptureInfo
                0x0011f41c       0x80 c:/devkitPro/libctru/lib\libctru.a(gspgpu.o)
                0x0011f41c                GSPGPU_ImportDisplayCaptureInfo
 .text.GSPGPU_SaveVramSysArea
                0x0011f49c       0x2c c:/devkitPro/libctru/lib\libctru.a(gspgpu.o)
                0x0011f49c                GSPGPU_SaveVramSysArea
 .text.GSPGPU_RestoreVramSysArea
                0x0011f4c8       0x2c c:/devkitPro/libctru/lib\libctru.a(gspgpu.o)
                0x0011f4c8                GSPGPU_RestoreVramSysArea
 .text.irrstScanInput
                0x0011f4f4       0xb0 c:/devkitPro/libctru/lib\libctru.a(irrst.o)
                0x0011f4f4                irrstScanInput
 .text.irrstKeysHeld
                0x0011f5a4       0x1c c:/devkitPro/libctru/lib\libctru.a(irrst.o)
                0x0011f5a4                irrstKeysHeld
 .text.IRRST_GetHandles
                0x0011f5c0       0x50 c:/devkitPro/libctru/lib\libctru.a(irrst.o)
                0x0011f5c0                IRRST_GetHandles
 .text.irrstInit
                0x0011f610      0x150 c:/devkitPro/libctru/lib\libctru.a(irrst.o)
                0x0011f610                irrstInit
 .text.IRRST_Shutdown
                0x0011f760       0x2c c:/devkitPro/libctru/lib\libctru.a(irrst.o)
                0x0011f760                IRRST_Shutdown
 .text.irrstExit
                0x0011f78c       0xac c:/devkitPro/libctru/lib\libctru.a(irrst.o)
                0x0011f78c                irrstExit
 .text.rbtree_find
                0x0011f838       0x70 c:/devkitPro/libctru/lib\libctru.a(rbtree_find.o)
                0x0011f838                rbtree_find
 .text.rbtree_remove
                0x0011f8a8      0x324 c:/devkitPro/libctru/lib\libctru.a(rbtree_remove.o)
                0x0011f8a8                rbtree_remove
 .text.rbtree_node_next
                0x0011fbcc       0x74 c:/devkitPro/libctru/lib\libctru.a(rbtree_iterator.o)
                0x0011fbcc                rbtree_node_next
 .text.rbtree_rotate
                0x0011fc40       0x94 c:/devkitPro/libctru/lib\libctru.a(rbtree_rotate.o)
                0x0011fc40                rbtree_rotate
 .text.do_insert
                0x0011fcd4      0x18c c:/devkitPro/libctru/lib\libctru.a(rbtree_insert.o)
 .text.rbtree_insert
                0x0011fe60        0x8 c:/devkitPro/libctru/lib\libctru.a(rbtree_insert.o)
                0x0011fe60                rbtree_insert
 .text.rbtree_init
                0x0011fe68       0x14 c:/devkitPro/libctru/lib\libctru.a(rbtree_init.o)
                0x0011fe68                rbtree_init
 .text.__system_initArgv
                0x0011fe7c       0xe8 c:/devkitPro/libctru/lib\libctru.a(initArgv.o)
                0x0011fe7c                __system_initArgv
 .text.osGetMemRegionSize
                0x0011ff64       0x58 c:/devkitPro/libctru/lib\libctru.a(allocateHeaps.o)
 .text.__system_allocateHeaps
                0x0011ffbc      0x104 c:/devkitPro/libctru/lib\libctru.a(allocateHeaps.o)
                0x0011ffbc                __system_allocateHeaps
 .text.__libctru_init
                0x001200c0       0x38 c:/devkitPro/libctru/lib\libctru.a(initSystem.o)
                0x001200c0                __libctru_init
 .text.svcControlMemory
                0x001200f8       0x20 c:/devkitPro/libctru/lib\libctru.a(svc.o)
                0x001200f8                svcControlMemory
 .text.svcExitProcess
                0x00120118        0x8 c:/devkitPro/libctru/lib\libctru.a(svc.o)
                0x00120118                svcExitProcess
 .text.svcCreateThread
                0x00120120       0x20 c:/devkitPro/libctru/lib\libctru.a(svc.o)
                0x00120120                svcCreateThread
 .text.svcExitThread
                0x00120140        0x8 c:/devkitPro/libctru/lib\libctru.a(svc.o)
                0x00120140                svcExitThread
 .text.svcSleepThread
                0x00120148        0x8 c:/devkitPro/libctru/lib\libctru.a(svc.o)
                0x00120148                svcSleepThread
 .text.svcReleaseMutex
                0x00120150        0x8 c:/devkitPro/libctru/lib\libctru.a(svc.o)
                0x00120150                svcReleaseMutex
 .text.svcCreateEvent
                0x00120158       0x14 c:/devkitPro/libctru/lib\libctru.a(svc.o)
                0x00120158                svcCreateEvent
 .text.svcSignalEvent
                0x0012016c        0x8 c:/devkitPro/libctru/lib\libctru.a(svc.o)
                0x0012016c                svcSignalEvent
 .text.svcClearEvent
                0x00120174        0x8 c:/devkitPro/libctru/lib\libctru.a(svc.o)
                0x00120174                svcClearEvent
 .text.svcMapMemoryBlock
                0x0012017c        0x8 c:/devkitPro/libctru/lib\libctru.a(svc.o)
                0x0012017c                svcMapMemoryBlock
 .text.svcUnmapMemoryBlock
                0x00120184        0x8 c:/devkitPro/libctru/lib\libctru.a(svc.o)
                0x00120184                svcUnmapMemoryBlock
 .text.svcCreateAddressArbiter
                0x0012018c       0x14 c:/devkitPro/libctru/lib\libctru.a(svc.o)
                0x0012018c                svcCreateAddressArbiter
 .text.svcArbitrateAddress
                0x001201a0       0x18 c:/devkitPro/libctru/lib\libctru.a(svc.o)
                0x001201a0                svcArbitrateAddress
 .text.svcCloseHandle
                0x001201b8        0x8 c:/devkitPro/libctru/lib\libctru.a(svc.o)
                0x001201b8                svcCloseHandle
 .text.svcWaitSynchronization
                0x001201c0        0x8 c:/devkitPro/libctru/lib\libctru.a(svc.o)
                0x001201c0                svcWaitSynchronization
 .text.svcWaitSynchronizationN
                0x001201c8       0x28 c:/devkitPro/libctru/lib\libctru.a(svc.o)
                0x001201c8                svcWaitSynchronizationN
 .text.svcDuplicateHandle
                0x001201f0       0x14 c:/devkitPro/libctru/lib\libctru.a(svc.o)
                0x001201f0                svcDuplicateHandle
 .text.svcGetSystemTick
                0x00120204        0x8 c:/devkitPro/libctru/lib\libctru.a(svc.o)
                0x00120204                svcGetSystemTick
 .text.svcGetSystemInfo
                0x0012020c       0x18 c:/devkitPro/libctru/lib\libctru.a(svc.o)
                0x0012020c                svcGetSystemInfo
 .text.svcConnectToPort
                0x00120224       0x14 c:/devkitPro/libctru/lib\libctru.a(svc.o)
                0x00120224                svcConnectToPort
 .text.svcSendSyncRequest
                0x00120238        0x8 c:/devkitPro/libctru/lib\libctru.a(svc.o)
                0x00120238                svcSendSyncRequest
 .text.svcBreak
                0x00120240        0x8 c:/devkitPro/libctru/lib\libctru.a(svc.o)
                0x00120240                svcBreak
 .text.svcOutputDebugString
                0x00120248        0x8 c:/devkitPro/libctru/lib\libctru.a(svc.o)
                0x00120248                svcOutputDebugString
 .text._ZN7MemPool13CoalesceRightEP8MemBlock
                0x00120250       0x98 c:/devkitPro/libctru/lib\libctru.a(mem_pool.o)
                0x00120250                MemPool::CoalesceRight(MemBlock*)
 .text._ZN7MemPool8AllocateER8MemChunkmi
                0x001202e8      0x178 c:/devkitPro/libctru/lib\libctru.a(mem_pool.o)
                0x001202e8                MemPool::Allocate(MemChunk&, unsigned long, int)
 .text._ZN7MemPool10DeallocateERK8MemChunk
                0x00120460      0x100 c:/devkitPro/libctru/lib\libctru.a(mem_pool.o)
                0x00120460                MemPool::Deallocate(MemChunk const&)
 .text._ZL21addrMapNodeComparatorPK11rbtree_nodeS1_
                0x00120560       0x24 c:/devkitPro/libctru/lib\libctru.a(mappable.o)
 .text._ZL21addrMapNodeDestructorP11rbtree_node
                0x00120584        0x4 c:/devkitPro/libctru/lib\libctru.a(mappable.o)
 .text.mappableAlloc
                0x00120588       0xf4 c:/devkitPro/libctru/lib\libctru.a(mappable.o)
                0x00120588                mappableAlloc
 .text.mappableFree
                0x0012067c       0x50 c:/devkitPro/libctru/lib\libctru.a(mappable.o)
                0x0012067c                mappableFree
 .text.threadCreate
                0x001206cc      0x1bc c:/devkitPro/libctru/lib\libctru.a(thread.o)
                0x001206cc                threadCreate
 .text.threadJoin
                0x00120888       0x24 c:/devkitPro/libctru/lib\libctru.a(thread.o)
                0x00120888                threadJoin
 .text.threadExit
                0x001208ac       0x70 c:/devkitPro/libctru/lib\libctru.a(thread.o)
                0x001208ac                threadExit
 .text._thread_begin
                0x0012091c       0x40 c:/devkitPro/libctru/lib\libctru.a(thread.o)
 .text.srvExit  0x0012095c       0x50 c:/devkitPro/libctru/lib\libctru.a(srv.o)
                0x0012095c                srvExit
 .text.srvRegisterClient
                0x001209ac       0x38 c:/devkitPro/libctru/lib\libctru.a(srv.o)
                0x001209ac                srvRegisterClient
 .text.srvInit  0x001209e4       0x78 c:/devkitPro/libctru/lib\libctru.a(srv.o)
                0x001209e4                srvInit
 .text.srvGetServiceHandleDirect
                0x00120a5c       0x68 c:/devkitPro/libctru/lib\libctru.a(srv.o)
                0x00120a5c                srvGetServiceHandleDirect
 .text.srvGetServiceHandle
                0x00120ac4       0x38 c:/devkitPro/libctru/lib\libctru.a(srv.o)
                0x00120ac4                srvGetServiceHandle
 .text.envGetHandle
                0x00120afc       0x84 c:/devkitPro/libctru/lib\libctru.a(env.o)
                0x00120afc                envGetHandle
 .text.envDestroyHandles
                0x00120b80       0x4c c:/devkitPro/libctru/lib\libctru.a(env.o)
                0x00120b80                envDestroyHandles
 .text.LightLock_Unlock.part.1
                0x00120bcc       0x34 c:/devkitPro/libctru/lib\libctru.a(synchronization.o)
 .text.__sync_init
                0x00120c00        0xc c:/devkitPro/libctru/lib\libctru.a(synchronization.o)
                0x00120c00                __sync_init
 .text.__sync_fini
                0x00120c0c       0x18 c:/devkitPro/libctru/lib\libctru.a(synchronization.o)
                0x00120c0c                __sync_fini
 .text.__sync_get_arbiter
                0x00120c24       0x10 c:/devkitPro/libctru/lib\libctru.a(synchronization.o)
                0x00120c24                __sync_get_arbiter
 .text.LightLock_Init
                0x00120c34       0x18 c:/devkitPro/libctru/lib\libctru.a(synchronization.o)
                0x00120c34                LightLock_Init
 .text.LightLock_Lock
                0x00120c4c       0xa0 c:/devkitPro/libctru/lib\libctru.a(synchronization.o)
                0x00120c4c                LightLock_Lock
 .text.LightLock_TryLock
                0x00120cec       0x34 c:/devkitPro/libctru/lib\libctru.a(synchronization.o)
                0x00120cec                LightLock_TryLock
 .text.LightLock_Unlock
                0x00120d20       0x20 c:/devkitPro/libctru/lib\libctru.a(synchronization.o)
                0x00120d20                LightLock_Unlock
 .text.RecursiveLock_Init
                0x00120d40       0x24 c:/devkitPro/libctru/lib\libctru.a(synchronization.o)
                0x00120d40                RecursiveLock_Init
 .text.RecursiveLock_Lock
                0x00120d64       0x30 c:/devkitPro/libctru/lib\libctru.a(synchronization.o)
                0x00120d64                RecursiveLock_Lock
 .text.RecursiveLock_TryLock
                0x00120d94       0x58 c:/devkitPro/libctru/lib\libctru.a(synchronization.o)
                0x00120d94                RecursiveLock_TryLock
 .text.RecursiveLock_Unlock
                0x00120dec       0x38 c:/devkitPro/libctru/lib\libctru.a(synchronization.o)
                0x00120dec                RecursiveLock_Unlock
 .text.LightEvent_Init
                0x00120e24       0x38 c:/devkitPro/libctru/lib\libctru.a(synchronization.o)
                0x00120e24                LightEvent_Init
 .text.LightEvent_Clear
                0x00120e5c       0x7c c:/devkitPro/libctru/lib\libctru.a(synchronization.o)
                0x00120e5c                LightEvent_Clear
 .text.LightEvent_Signal
                0x00120ed8       0xdc c:/devkitPro/libctru/lib\libctru.a(synchronization.o)
                0x00120ed8                LightEvent_Signal
 .text.LightEvent_Wait
                0x00120fb4       0xd0 c:/devkitPro/libctru/lib\libctru.a(synchronization.o)
                0x00120fb4                LightEvent_Wait
 .text.__libctru_exit
                0x00121084       0xa4 c:/devkitPro/libctru/lib\libctru.a(ctru_exit.o)
                0x00121084                __libctru_exit
 .text.__appExit
                0x00121128       0x1c c:/devkitPro/libctru/lib\libctru.a(appExit.o)
                0x00121128                __appExit
 .text.__ctru_get_reent
                0x00121144       0x30 c:/devkitPro/libctru/lib\libctru.a(syscalls.o)
 .text.__system_initSyscalls
                0x00121174       0xe4 c:/devkitPro/libctru/lib\libctru.a(syscalls.o)
                0x00121174                __system_initSyscalls
 .text.__appInit
                0x00121258       0x1c c:/devkitPro/libctru/lib\libctru.a(appInit.o)
                0x00121258                __appInit
 .text.sdmc_link
                0x00121274       0x10 c:/devkitPro/libctru/lib\libctru.a(sdmc_dev.o)
 .text.sdmc_dirreset
                0x00121284       0x10 c:/devkitPro/libctru/lib\libctru.a(sdmc_dev.o)
 .text.sdmc_fchmod
                0x00121294       0x10 c:/devkitPro/libctru/lib\libctru.a(sdmc_dev.o)
 .text.error_cmp
                0x001212a4       0x24 c:/devkitPro/libctru/lib\libctru.a(sdmc_dev.o)
 .text.sdmc_translate_error
                0x001212c8       0x50 c:/devkitPro/libctru/lib\libctru.a(sdmc_dev.o)
 .text.sdmc_fsync
                0x00121318       0x34 c:/devkitPro/libctru/lib\libctru.a(sdmc_dev.o)
 .text.sdmc_ftruncate
                0x0012134c       0x54 c:/devkitPro/libctru/lib\libctru.a(sdmc_dev.o)
 .text.sdmc_statvfs
                0x001213a0       0xb8 c:/devkitPro/libctru/lib\libctru.a(sdmc_dev.o)
 .text.sdmc_dirclose
                0x00121458       0x38 c:/devkitPro/libctru/lib\libctru.a(sdmc_dev.o)
 .text.sdmc_dirnext
                0x00121490      0x138 c:/devkitPro/libctru/lib\libctru.a(sdmc_dev.o)
 .text.sdmc_close
                0x001215c8       0x34 c:/devkitPro/libctru/lib\libctru.a(sdmc_dev.o)
 .text.sdmc_fstat
                0x001215fc       0x74 c:/devkitPro/libctru/lib\libctru.a(sdmc_dev.o)
 .text.sdmc_seek
                0x00121670       0xd8 c:/devkitPro/libctru/lib\libctru.a(sdmc_dev.o)
 .text.sdmc_read
                0x00121748       0x84 c:/devkitPro/libctru/lib\libctru.a(sdmc_dev.o)
 .text.sdmc_write
                0x001217cc       0xb8 c:/devkitPro/libctru/lib\libctru.a(sdmc_dev.o)
 .text.sdmc_utf16path
                0x00121884      0x1b4 c:/devkitPro/libctru/lib\libctru.a(sdmc_dev.o)
 .text.sdmc_rmdir
                0x00121a38       0x74 c:/devkitPro/libctru/lib\libctru.a(sdmc_dev.o)
 .text.sdmc_diropen
                0x00121aac       0xa4 c:/devkitPro/libctru/lib\libctru.a(sdmc_dev.o)
 .text.sdmc_chdir
                0x00121b50       0xa0 c:/devkitPro/libctru/lib\libctru.a(sdmc_dev.o)
 .text.sdmc_mkdir
                0x00121bf0       0x98 c:/devkitPro/libctru/lib\libctru.a(sdmc_dev.o)
 .text.sdmc_rename
                0x00121c88      0x108 c:/devkitPro/libctru/lib\libctru.a(sdmc_dev.o)
 .text.sdmc_unlink
                0x00121d90       0x74 c:/devkitPro/libctru/lib\libctru.a(sdmc_dev.o)
 .text.sdmc_stat
                0x00121e04      0x108 c:/devkitPro/libctru/lib\libctru.a(sdmc_dev.o)
 .text.sdmc_open
                0x00121f0c      0x188 c:/devkitPro/libctru/lib\libctru.a(sdmc_dev.o)
 .text.sdmc_chmod
                0x00122094       0x10 c:/devkitPro/libctru/lib\libctru.a(sdmc_dev.o)
 .text.sdmcInit
                0x001220a4      0x15c c:/devkitPro/libctru/lib\libctru.a(sdmc_dev.o)
                0x001220a4                sdmcInit
 .text.sdmcExit
                0x00122200       0x58 c:/devkitPro/libctru/lib\libctru.a(sdmc_dev.o)
                0x00122200                sdmcExit
 .text.fsSessionForArchive.part.0
                0x00122258       0x28 c:/devkitPro/libctru/lib\libctru.a(fs.o)
 .text.fsInit   0x00122280       0xc8 c:/devkitPro/libctru/lib\libctru.a(fs.o)
                0x00122280                fsInit
 .text.fsExit   0x00122348       0x38 c:/devkitPro/libctru/lib\libctru.a(fs.o)
                0x00122348                fsExit
 .text.fsExemptFromSession
                0x00122380       0xa0 c:/devkitPro/libctru/lib\libctru.a(fs.o)
                0x00122380                fsExemptFromSession
 .text.fsUnexemptFromSession
                0x00122420       0x54 c:/devkitPro/libctru/lib\libctru.a(fs.o)
                0x00122420                fsUnexemptFromSession
 .text.FSUSER_OpenFile
                0x00122474       0xbc c:/devkitPro/libctru/lib\libctru.a(fs.o)
                0x00122474                FSUSER_OpenFile
 .text.FSUSER_DeleteFile
                0x00122530       0xa4 c:/devkitPro/libctru/lib\libctru.a(fs.o)
                0x00122530                FSUSER_DeleteFile
 .text.FSUSER_RenameFile
                0x001225d4       0xe0 c:/devkitPro/libctru/lib\libctru.a(fs.o)
                0x001225d4                FSUSER_RenameFile
 .text.FSUSER_DeleteDirectory
                0x001226b4       0xa4 c:/devkitPro/libctru/lib\libctru.a(fs.o)
                0x001226b4                FSUSER_DeleteDirectory
 .text.FSUSER_CreateFile
                0x00122758       0xbc c:/devkitPro/libctru/lib\libctru.a(fs.o)
                0x00122758                FSUSER_CreateFile
 .text.FSUSER_CreateDirectory
                0x00122814       0xac c:/devkitPro/libctru/lib\libctru.a(fs.o)
                0x00122814                FSUSER_CreateDirectory
 .text.FSUSER_RenameDirectory
                0x001228c0       0xe0 c:/devkitPro/libctru/lib\libctru.a(fs.o)
                0x001228c0                FSUSER_RenameDirectory
 .text.FSUSER_OpenDirectory
                0x001229a0       0xa4 c:/devkitPro/libctru/lib\libctru.a(fs.o)
                0x001229a0                FSUSER_OpenDirectory
 .text.FSUSER_OpenArchive
                0x00122a44       0x98 c:/devkitPro/libctru/lib\libctru.a(fs.o)
                0x00122a44                FSUSER_OpenArchive
 .text.FSUSER_CloseArchive
                0x00122adc       0x74 c:/devkitPro/libctru/lib\libctru.a(fs.o)
                0x00122adc                FSUSER_CloseArchive
 .text.FSUSER_GetSdmcArchiveResource
                0x00122b50       0x78 c:/devkitPro/libctru/lib\libctru.a(fs.o)
                0x00122b50                FSUSER_GetSdmcArchiveResource
 .text.FSUSER_IsSdmcWritable
                0x00122bc8       0x64 c:/devkitPro/libctru/lib\libctru.a(fs.o)
                0x00122bc8                FSUSER_IsSdmcWritable
 .text.FSFILE_Read
                0x00122c2c       0x5c c:/devkitPro/libctru/lib\libctru.a(fs.o)
                0x00122c2c                FSFILE_Read
 .text.FSFILE_Write
                0x00122c88       0x64 c:/devkitPro/libctru/lib\libctru.a(fs.o)
                0x00122c88                FSFILE_Write
 .text.FSFILE_GetSize
                0x00122cec       0x3c c:/devkitPro/libctru/lib\libctru.a(fs.o)
                0x00122cec                FSFILE_GetSize
 .text.FSFILE_SetSize
                0x00122d28       0x2c c:/devkitPro/libctru/lib\libctru.a(fs.o)
                0x00122d28                FSFILE_SetSize
 .text.FSFILE_Close
                0x00122d54       0x3c c:/devkitPro/libctru/lib\libctru.a(fs.o)
                0x00122d54                FSFILE_Close
 .text.FSFILE_Flush
                0x00122d90       0x24 c:/devkitPro/libctru/lib\libctru.a(fs.o)
                0x00122d90                FSFILE_Flush
 .text.FSDIR_Read
                0x00122db4       0x54 c:/devkitPro/libctru/lib\libctru.a(fs.o)
                0x00122db4                FSDIR_Read
 .text.FSDIR_Close
                0x00122e08       0x3c c:/devkitPro/libctru/lib\libctru.a(fs.o)
                0x00122e08                FSDIR_Close
 .text.utf8_to_utf16
                0x00122e44       0xc0 c:/devkitPro/libctru/lib\libctru.a(utf8_to_utf16.o)
                0x00122e44                utf8_to_utf16
 .text.decode_utf8
                0x00122f04      0x138 c:/devkitPro/libctru/lib\libctru.a(decode_utf8.o)
                0x00122f04                decode_utf8
 .text.utf16_to_utf8
                0x0012303c       0xe8 c:/devkitPro/libctru/lib\libctru.a(utf16_to_utf8.o)
                0x0012303c                utf16_to_utf8
 .text.encode_utf8
                0x00123124      0x104 c:/devkitPro/libctru/lib\libctru.a(encode_utf8.o)
                0x00123124                encode_utf8
 .text.encode_utf16
                0x00123228       0x68 c:/devkitPro/libctru/lib\libctru.a(encode_utf16.o)
                0x00123228                encode_utf16
 .text.__aeabi_read_tp
                0x00123290        0xc c:/devkitPro/libctru/lib\libctru.a(readtp.o)
                0x00123290                __aeabi_read_tp
 .text.decode_utf16
                0x0012329c       0x60 c:/devkitPro/libctru/lib\libctru.a(decode_utf16.o)
                0x0012329c                decode_utf16
 .text.cosf     0x001232fc       0xc4 c:/devkitpro/devkitarm/bin/../lib/gcc/arm-none-eabi/6.3.0/../../../../arm-none-eabi/lib/armv6k/fpu\libm.a(lib_a-sf_cos.o)
                0x001232fc                cosf
 .text.floor    0x001233c0      0x184 c:/devkitpro/devkitarm/bin/../lib/gcc/arm-none-eabi/6.3.0/../../../../arm-none-eabi/lib/armv6k/fpu\libm.a(lib_a-s_floor.o)
                0x001233c0                floor
 *fill*         0x00123544        0x4 
 .text.frexp    0x00123548       0x9c c:/devkitpro/devkitarm/bin/../lib/gcc/arm-none-eabi/6.3.0/../../../../arm-none-eabi/lib/armv6k/fpu\libm.a(lib_a-s_frexp.o)
                0x00123548                frexp
 .text.sinf     0x001235e4       0xcc c:/devkitpro/devkitarm/bin/../lib/gcc/arm-none-eabi/6.3.0/../../../../arm-none-eabi/lib/armv6k/fpu\libm.a(lib_a-sf_sin.o)
                0x001235e4                sinf
 .text.pow      0x001236b0      0x398 c:/devkitpro/devkitarm/bin/../lib/gcc/arm-none-eabi/6.3.0/../../../../arm-none-eabi/lib/armv6k/fpu\libm.a(lib_a-w_pow.o)
                0x001236b0                pow
 .text.__ieee754_rem_pio2f
                0x00123a48      0x2e8 c:/devkitpro/devkitarm/bin/../lib/gcc/arm-none-eabi/6.3.0/../../../../arm-none-eabi/lib/armv6k/fpu\libm.a(lib_a-ef_rem_pio2.o)
                0x00123a48                __ieee754_rem_pio2f
 .text.__ieee754_pow
                0x00123d30      0x8bc c:/devkitpro/devkitarm/bin/../lib/gcc/arm-none-eabi/6.3.0/../../../../arm-none-eabi/lib/armv6k/fpu\libm.a(lib_a-e_pow.o)
                0x00123d30                __ieee754_pow
 .text.__ieee754_sqrt
                0x001245ec      0x214 c:/devkitpro/devkitarm/bin/../lib/gcc/arm-none-eabi/6.3.0/../../../../arm-none-eabi/lib/armv6k/fpu\libm.a(lib_a-e_sqrt.o)
                0x001245ec                __ieee754_sqrt
 .text.__kernel_cosf
                0x00124800      0x124 c:/devkitpro/devkitarm/bin/../lib/gcc/arm-none-eabi/6.3.0/../../../../arm-none-eabi/lib/armv6k/fpu\libm.a(lib_a-kf_cos.o)
                0x00124800                __kernel_cosf
 .text.__kernel_rem_pio2f
                0x00124924      0x898 c:/devkitpro/devkitarm/bin/../lib/gcc/arm-none-eabi/6.3.0/../../../../arm-none-eabi/lib/armv6k/fpu\libm.a(lib_a-kf_rem_pio2.o)
                0x00124924                __kernel_rem_pio2f
 .text.__kernel_sinf
                0x001251bc       0xa0 c:/devkitpro/devkitarm/bin/../lib/gcc/arm-none-eabi/6.3.0/../../../../arm-none-eabi/lib/armv6k/fpu\libm.a(lib_a-kf_sin.o)
                0x001251bc                __kernel_sinf
 .text.fabs     0x0012525c       0x10 c:/devkitpro/devkitarm/bin/../lib/gcc/arm-none-eabi/6.3.0/../../../../arm-none-eabi/lib/armv6k/fpu\libm.a(lib_a-s_fabs.o)
                0x0012525c                fabs
 .text.fabsf    0x0012526c       0x10 c:/devkitpro/devkitarm/bin/../lib/gcc/arm-none-eabi/6.3.0/../../../../arm-none-eabi/lib/armv6k/fpu\libm.a(lib_a-sf_fabs.o)
                0x0012526c                fabsf
 .text.floorf   0x0012527c       0xbc c:/devkitpro/devkitarm/bin/../lib/gcc/arm-none-eabi/6.3.0/../../../../arm-none-eabi/lib/armv6k/fpu\libm.a(lib_a-sf_floor.o)
                0x0012527c                floorf
 .text.finite   0x00125338       0x14 c:/devkitpro/devkitarm/bin/../lib/gcc/arm-none-eabi/6.3.0/../../../../arm-none-eabi/lib/armv6k/fpu\libm.a(lib_a-s_finite.o)
                0x00125338                finite
 .text.scalbnf  0x0012534c      0x114 c:/devkitpro/devkitarm/bin/../lib/gcc/arm-none-eabi/6.3.0/../../../../arm-none-eabi/lib/armv6k/fpu\libm.a(lib_a-sf_scalbn.o)
                0x0012534c                scalbnf
 .text.matherr  0x00125460        0x8 c:/devkitpro/devkitarm/bin/../lib/gcc/arm-none-eabi/6.3.0/../../../../arm-none-eabi/lib/armv6k/fpu\libm.a(lib_a-s_matherr.o)
                0x00125460                matherr
 .text.nan      0x00125468       0x10 c:/devkitpro/devkitarm/bin/../lib/gcc/arm-none-eabi/6.3.0/../../../../arm-none-eabi/lib/armv6k/fpu\libm.a(lib_a-s_nan.o)
                0x00125468                nan
 .text.rint     0x00125478      0x178 c:/devkitpro/devkitarm/bin/../lib/gcc/arm-none-eabi/6.3.0/../../../../arm-none-eabi/lib/armv6k/fpu\libm.a(lib_a-s_rint.o)
                0x00125478                rint
 .text.scalbn   0x001255f0      0x170 c:/devkitpro/devkitarm/bin/../lib/gcc/arm-none-eabi/6.3.0/../../../../arm-none-eabi/lib/armv6k/fpu\libm.a(lib_a-s_scalbn.o)
                0x001255f0                scalbn
 .text.copysign
                0x00125760       0x1c c:/devkitpro/devkitarm/bin/../lib/gcc/arm-none-eabi/6.3.0/../../../../arm-none-eabi/lib/armv6k/fpu\libm.a(lib_a-s_copysign.o)
                0x00125760                copysign
 .text.copysignf
                0x0012577c       0x1c c:/devkitpro/devkitarm/bin/../lib/gcc/arm-none-eabi/6.3.0/../../../../arm-none-eabi/lib/armv6k/fpu\libm.a(lib_a-sf_copysign.o)
                0x0012577c                copysignf
 .text.__udivmoddi4
                0x00125798      0x128 c:/devkitpro/devkitarm/bin/../lib/gcc/arm-none-eabi/6.3.0/armv6k/fpu\libgcc.a(_udivmoddi4.o)
                0x00125798                __udivmoddi4
 .text.abort    0x001258c0       0x14 c:/devkitpro/devkitarm/bin/../lib/gcc/arm-none-eabi/6.3.0/../../../../arm-none-eabi/lib/armv6k/fpu\libg.a(lib_a-abort.o)
                0x001258c0                abort
 .text.bsearch  0x001258d4       0x74 c:/devkitpro/devkitarm/bin/../lib/gcc/arm-none-eabi/6.3.0/../../../../arm-none-eabi/lib/armv6k/fpu\libg.a(lib_a-bsearch.o)
                0x001258d4                bsearch
 .text.calloc   0x00125948       0x20 c:/devkitpro/devkitarm/bin/../lib/gcc/arm-none-eabi/6.3.0/../../../../arm-none-eabi/lib/armv6k/fpu\libg.a(lib_a-calloc.o)
                0x00125948                calloc
 .text._calloc_r
                0x00125968       0x90 c:/devkitpro/devkitarm/bin/../lib/gcc/arm-none-eabi/6.3.0/../../../../arm-none-eabi/lib/armv6k/fpu\libg.a(lib_a-callocr.o)
                0x00125968                _calloc_r
 .text.__errno  0x001259f8        0xc c:/devkitpro/devkitarm/bin/../lib/gcc/arm-none-eabi/6.3.0/../../../../arm-none-eabi/lib/armv6k/fpu\libg.a(lib_a-errno.o)
                0x001259f8                __errno
 .text._fclose_r
                0x00125a04      0x154 c:/devkitpro/devkitarm/bin/../lib/gcc/arm-none-eabi/6.3.0/../../../../arm-none-eabi/lib/armv6k/fpu\libg.a(lib_a-fclose.o)
                0x00125a04                _fclose_r
 .text.__sflush_r
                0x00125b58      0x254 c:/devkitpro/devkitarm/bin/../lib/gcc/arm-none-eabi/6.3.0/../../../../arm-none-eabi/lib/armv6k/fpu\libg.a(lib_a-fflush.o)
                0x00125b58                __sflush_r
 .text._fflush_r
                0x00125dac       0x94 c:/devkitpro/devkitarm/bin/../lib/gcc/arm-none-eabi/6.3.0/../../../../arm-none-eabi/lib/armv6k/fpu\libg.a(lib_a-fflush.o)
                0x00125dac                _fflush_r
 .text.fflush   0x00125e40       0x38 c:/devkitpro/devkitarm/bin/../lib/gcc/arm-none-eabi/6.3.0/../../../../arm-none-eabi/lib/armv6k/fpu\libg.a(lib_a-fflush.o)
                0x00125e40                fflush
 .text._cleanup_r
                0x00125e78        0xc c:/devkitpro/devkitarm/bin/../lib/gcc/arm-none-eabi/6.3.0/../../../../arm-none-eabi/lib/armv6k/fpu\libg.a(lib_a-findfp.o)
                0x00125e78                _cleanup_r
 .text.std.isra.0
                0x00125e84       0x80 c:/devkitpro/devkitarm/bin/../lib/gcc/arm-none-eabi/6.3.0/../../../../arm-none-eabi/lib/armv6k/fpu\libg.a(lib_a-findfp.o)
 .text.__sinit  0x00125f04       0x8c c:/devkitpro/devkitarm/bin/../lib/gcc/arm-none-eabi/6.3.0/../../../../arm-none-eabi/lib/armv6k/fpu\libg.a(lib_a-findfp.o)
                0x00125f04                __sinit
 .text.__sfp_lock_acquire
                0x00125f90        0xc c:/devkitpro/devkitarm/bin/../lib/gcc/arm-none-eabi/6.3.0/../../../../arm-none-eabi/lib/armv6k/fpu\libg.a(lib_a-findfp.o)
                0x00125f90                __sfp_lock_acquire
 .text.__sfp_lock_release
                0x00125f9c        0xc c:/devkitpro/devkitarm/bin/../lib/gcc/arm-none-eabi/6.3.0/../../../../arm-none-eabi/lib/armv6k/fpu\libg.a(lib_a-findfp.o)
                0x00125f9c                __sfp_lock_release
 .text.__libc_fini_array
                0x00125fa8       0x40 c:/devkitpro/devkitarm/bin/../lib/gcc/arm-none-eabi/6.3.0/../../../../arm-none-eabi/lib/armv6k/fpu\libg.a(lib_a-fini.o)
                0x00125fa8                __libc_fini_array
 .text.fprintf  0x00125fe8       0x3c c:/devkitpro/devkitarm/bin/../lib/gcc/arm-none-eabi/6.3.0/../../../../arm-none-eabi/lib/armv6k/fpu\libg.a(lib_a-fprintf.o)
                0x00125fe8                fprintf
 .text.fputc    0x00126024       0x94 c:/devkitpro/devkitarm/bin/../lib/gcc/arm-none-eabi/6.3.0/../../../../arm-none-eabi/lib/armv6k/fpu\libg.a(lib_a-fputc.o)
                0x00126024                fputc
 .text._fread_r
                0x001260b8      0x2d4 c:/devkitpro/devkitarm/bin/../lib/gcc/arm-none-eabi/6.3.0/../../../../arm-none-eabi/lib/armv6k/fpu\libg.a(lib_a-fread.o)
                0x001260b8                _fread_r
 .text.fread    0x0012638c       0x38 c:/devkitpro/devkitarm/bin/../lib/gcc/arm-none-eabi/6.3.0/../../../../arm-none-eabi/lib/armv6k/fpu\libg.a(lib_a-fread.o)
                0x0012638c                fread
 .text._malloc_trim_r
                0x001263c4       0xf8 c:/devkitpro/devkitarm/bin/../lib/gcc/arm-none-eabi/6.3.0/../../../../arm-none-eabi/lib/armv6k/fpu\libg.a(lib_a-freer.o)
                0x001263c4                _malloc_trim_r
 .text._free_r  0x001264bc      0x2e4 c:/devkitpro/devkitarm/bin/../lib/gcc/arm-none-eabi/6.3.0/../../../../arm-none-eabi/lib/armv6k/fpu\libg.a(lib_a-freer.o)
                0x001264bc                _free_r
 .text._fwalk   0x001267a0       0x78 c:/devkitpro/devkitarm/bin/../lib/gcc/arm-none-eabi/6.3.0/../../../../arm-none-eabi/lib/armv6k/fpu\libg.a(lib_a-fwalk.o)
                0x001267a0                _fwalk
 .text._fwalk_reent
                0x00126818       0x80 c:/devkitpro/devkitarm/bin/../lib/gcc/arm-none-eabi/6.3.0/../../../../arm-none-eabi/lib/armv6k/fpu\libg.a(lib_a-fwalk.o)
                0x00126818                _fwalk_reent
 .text.__libc_init_array
                0x00126898       0x78 c:/devkitpro/devkitarm/bin/../lib/gcc/arm-none-eabi/6.3.0/../../../../arm-none-eabi/lib/armv6k/fpu\libg.a(lib_a-init.o)
                0x00126898                __libc_init_array
 .text.__swhatbuf_r
                0x00126910       0x94 c:/devkitpro/devkitarm/bin/../lib/gcc/arm-none-eabi/6.3.0/../../../../arm-none-eabi/lib/armv6k/fpu\libg.a(lib_a-makebuf.o)
                0x00126910                __swhatbuf_r
 .text.__smakebuf_r
                0x001269a4       0xf4 c:/devkitpro/devkitarm/bin/../lib/gcc/arm-none-eabi/6.3.0/../../../../arm-none-eabi/lib/armv6k/fpu\libg.a(lib_a-makebuf.o)
                0x001269a4                __smakebuf_r
 .text.memalign
                0x00126a98       0x20 c:/devkitpro/devkitarm/bin/../lib/gcc/arm-none-eabi/6.3.0/../../../../arm-none-eabi/lib/armv6k/fpu\libg.a(lib_a-malign.o)
                0x00126a98                memalign
 .text._memalign_r
                0x00126ab8      0x158 c:/devkitpro/devkitarm/bin/../lib/gcc/arm-none-eabi/6.3.0/../../../../arm-none-eabi/lib/armv6k/fpu\libg.a(lib_a-malignr.o)
                0x00126ab8                _memalign_r
 .text.malloc   0x00126c10       0x18 c:/devkitpro/devkitarm/bin/../lib/gcc/arm-none-eabi/6.3.0/../../../../arm-none-eabi/lib/armv6k/fpu\libg.a(lib_a-malloc.o)
                0x00126c10                malloc
 .text.free     0x00126c28       0x18 c:/devkitpro/devkitarm/bin/../lib/gcc/arm-none-eabi/6.3.0/../../../../arm-none-eabi/lib/armv6k/fpu\libg.a(lib_a-malloc.o)
                0x00126c28                free
 .text._malloc_r
                0x00126c40      0x78c c:/devkitpro/devkitarm/bin/../lib/gcc/arm-none-eabi/6.3.0/../../../../arm-none-eabi/lib/armv6k/fpu\libg.a(lib_a-mallocr.o)
                0x00126c40                _malloc_r
 .text.memchr   0x001273cc      0x104 c:/devkitpro/devkitarm/bin/../lib/gcc/arm-none-eabi/6.3.0/../../../../arm-none-eabi/lib/armv6k/fpu\libg.a(lib_a-memchr-stub.o)